******************************************************************************
                  MSP430 Linker PC v21.6.0                     
******************************************************************************
>> Linked Tue Jan 11 19:58:25 2022

OUTPUT FILE NAME:   <batu.out>
ENTRY POINT SYMBOL: "_c_int00_noargs"  address: 0000d71a


MEMORY CONFIGURATION

         name            origin    length      used     unused   attr    fill
----------------------  --------  ---------  --------  --------  ----  --------
  SFR                   00000000   00000010  00000000  00000010  RWIX
  PERIPHERALS_8BIT      00000010   000000f0  00000000  000000f0  RWIX
  PERIPHERALS_16BIT     00000100   00000100  00000000  00000100  RWIX
  RAM                   00000200   00000200  000000d9  00000127  RWIX
  INFOD                 00001000   00000040  00000000  00000040  RWIX
  INFOC                 00001040   00000040  00000000  00000040  RWIX
  INFOB                 00001080   00000040  00000000  00000040  RWIX
  INFOA                 000010c0   00000040  00000000  00000040  RWIX
  FLASH                 0000c000   00003fde  000018f2  000026ec  RWIX
  BSLSIGNATURE          0000ffde   00000002  00000002  00000000  RWIX  ffff 
  INT00                 0000ffe0   00000002  00000002  00000000  RWIX
  INT01                 0000ffe2   00000002  00000000  00000002  RWIX
  INT02                 0000ffe4   00000002  00000002  00000000  RWIX
  INT03                 0000ffe6   00000002  00000002  00000000  RWIX
  INT04                 0000ffe8   00000002  00000000  00000002  RWIX
  INT05                 0000ffea   00000002  00000002  00000000  RWIX
  INT06                 0000ffec   00000002  00000002  00000000  RWIX
  INT07                 0000ffee   00000002  00000002  00000000  RWIX
  INT08                 0000fff0   00000002  00000002  00000000  RWIX
  INT09                 0000fff2   00000002  00000002  00000000  RWIX
  INT10                 0000fff4   00000002  00000002  00000000  RWIX
  INT11                 0000fff6   00000002  00000002  00000000  RWIX
  INT12                 0000fff8   00000002  00000002  00000000  RWIX
  INT13                 0000fffa   00000002  00000002  00000000  RWIX
  INT14                 0000fffc   00000002  00000002  00000000  RWIX
  RESET                 0000fffe   00000002  00000002  00000000  RWIX


SECTION ALLOCATION MAP

 output                                  attributes/
section   page    origin      length       input sections
--------  ----  ----------  ----------   ----------------
.bss       0    00000200    0000007c     UNINITIALIZED
                  00000200    00000064     (.common:str)
                  00000264    00000014     (.common:velocitys)
                  00000278    00000002     (.common:count)
                  0000027a    00000002     (.common:count_2)

.data      0    0000027c    0000000d     UNINITIALIZED
                  0000027c    0000000c     main.obj (.data)
                  00000288    00000001     LCD_I2C.obj (.data)

.stack     0    000003b0    00000050     UNINITIALIZED
                  000003b0    00000002     rts430_eabi.lib : boot.c.obj (.stack)
                  000003b2    0000004e     --HOLE--

.text      0    0000c000    00001890     
                  0000c000    00000478     rts430_eabi.lib : frcdivd.c.obj (.text:__TI_frcdivd)
                  0000c478    000002c0                     : mpyd.c.obj (.text:__mspabi_mpyd)
                  0000c738    00000238                     : divd.c.obj (.text:__mspabi_divd)
                  0000c970    00000172                     : frcmpyd.c.obj (.text:__TI_frcmpyd)
                  0000cae2    0000012e     main.obj (.text:main)
                  0000cc10    00000116     rts430_eabi.lib : _printfi.c.obj (.text:__TI_printfi_minimal:_setfield___TI_printfi_minimal)
                  0000cd26    00000114                     : mult64.asm.obj (.text:__mpyll)
                  0000ce3a    000000f6     main.obj (.text:Port_1)
                  0000cf30    000000ec     rts430_eabi.lib : _printfi.c.obj (.text:__TI_printfi_minimal:__TI_printfi_minimal)
                  0000d01c    000000ca                     : _printfi.c.obj (.text:__TI_printfi_minimal:_pproc_diouxp___TI_printfi_minimal)
                  0000d0e6    000000b6     LCD_I2C.obj (.text:lcd_init)
                  0000d19c    000000ac     rts430_eabi.lib : fltlid.c.obj (.text:__mspabi_fltlid)
                  0000d248    0000007c                     : copy_decompress_lzss.c.obj (.text:decompress:lzss:__TI_decompress_lzss)
                  0000d2c4    00000072                     : fixdli.c.obj (.text:__mspabi_fixdli)
                  0000d336    0000005c                     : lsr32.asm.obj (.text:l_lsr_const)
                  0000d392    0000004c                     : lsr16.asm.obj (.text)
                  0000d3de    0000004a     LCD_I2C.obj (.text:lcd_write)
                  0000d428    00000046     rts430_eabi.lib : lsr64.c.obj (.text:__mspabi_srlll)
                  0000d46e    00000044                     : lsl64.c.obj (.text:__mspabi_sllll)
                  0000d4b2    00000042                     : autoinit.c.obj (.text:__TI_auto_init_nobinit_nopinit:__TI_auto_init_nobinit_nopinit)
                  0000d4f4    0000003e                     : asr32.asm.obj (.text:l_asr_const)
                  0000d532    0000003e                     : lsl32.asm.obj (.text:l_lsl_const)
                  0000d570    00000038                     : sprintf.c.obj (.text:sprintf)
                  0000d5a8    0000002c                     : asr16.asm.obj (.text)
                  0000d5d4    0000002c                     : lsl16.asm.obj (.text)
                  0000d600    00000028                     : fixdi.c.obj (.text:__mspabi_fixdi)
                  0000d628    00000028     LCD_I2C.obj (.text:lcd_setcursor)
                  0000d650    00000026     rts430_eabi.lib : mult32.asm.obj (.text)
                  0000d676    00000024     main.obj (.text:Port_2)
                  0000d69a    00000022     rts430_eabi.lib : mult1632.asm.obj (.text:__mpyul)
                  0000d6bc    00000022                     : memccpy.c.obj (.text:memccpy)
                  0000d6de    0000001e                     : mult3264.asm.obj (.text:__mpyull)
                  0000d6fc    0000001e     LCD_I2C.obj (.text:pulseEN)
                  0000d71a    0000001c     rts430_eabi.lib : boot.c.obj (.text:_c_int00_noargs)
                  0000d736    0000001a                     : sprintf.c.obj (.text:_outs)
                  0000d750    0000001a     LCD_I2C.obj (.text:lcd_print)
                  0000d76a    00000016     LCD_I2C.obj (.text:delay)
                  0000d780    00000016     rts430_eabi.lib : div16u.asm.obj (.text)
                  0000d796    00000014     LCD_I2C.obj (.text:USCIAB0TX_ISR)
                  0000d7aa    00000014     rts430_eabi.lib : copy_zero_init.c.obj (.text:decompress:ZI:__TI_zero_init_nomemset:__TI_zero_init_nomemset)
                  0000d7be    00000014                     : memset.c.obj (.text:memset)
                  0000d7d2    00000014                     : mult16.asm.obj (.text)
                  0000d7e6    00000014     LCD_I2C.obj (.text:send)
                  0000d7fa    00000012     rts430_eabi.lib : sprintf.c.obj (.text:_outc)
                  0000d80c    00000012                     : copy_decompress_none.c.obj (.text:decompress:none:__TI_decompress_none)
                  0000d81e    00000012                     : lsr32.asm.obj (.text:l_lsr)
                  0000d830    00000012                     : memcpy.c.obj (.text:memcpy)
                  0000d842    00000010                     : epilog.asm.obj (.text)
                  0000d852    0000000e                     : strlen.c.obj (.text:strlen)
                  0000d860    0000000c                     : fltid.c.obj (.text:__mspabi_fltid)
                  0000d86c    0000000a     main.obj (.text:timerA)
                  0000d876    00000008     rts430_eabi.lib : isr_trap.asm.obj (.text:_isr:__TI_ISR_TRAP)
                  0000d87e    00000006                     : exit.c.obj (.text:abort)
                  0000d884    00000006     LCD_I2C.obj (.text:set_backlight)
                  0000d88a    00000004     rts430_eabi.lib : pre_init.c.obj (.text:_system_pre_init)
                  0000d88e    00000002                     : startup.c.obj (.text:_system_post_cinit)

.const     0    0000d890    00000046     
                  0000d890    00000026     rts430_eabi.lib : _printfi.c.obj (.const:.string)
                  0000d8b6    0000001e     main.obj (.const:.string)
                  0000d8d4    00000002     LCD_I2C.obj (.const:.string:$P$T0$1)

.cinit     0    0000d8d6    0000001c     
                  0000d8d6    0000000a     (.cinit..data.load) [load image, compression = lzss]
                  0000d8e0    00000006     (__TI_handler_table)
                  0000d8e6    00000004     (.cinit..bss.load) [load image, compression = zero_init]
                  0000d8ea    00000008     (__TI_cinit_table)

.binit     0    0000c000    00000000     

.init_array 
*          0    0000c000    00000000     UNINITIALIZED

TRAPINT    0    0000ffe0    00000002     
                  0000ffe0    00000002     rts430_eabi.lib : int00.asm.obj (.int00)

PORT1      0    0000ffe4    00000002     
                  0000ffe4    00000002     main.obj (.int02)

PORT2      0    0000ffe6    00000002     
                  0000ffe6    00000002     main.obj (.int03)

ADC10      0    0000ffea    00000002     
                  0000ffea    00000002     rts430_eabi.lib : int05.asm.obj (.int05)

USCIAB0TX 
*          0    0000ffec    00000002     
                  0000ffec    00000002     LCD_I2C.obj (.int06)

USCIAB0RX 
*          0    0000ffee    00000002     
                  0000ffee    00000002     rts430_eabi.lib : int07.asm.obj (.int07)

TIMER0_A1 
*          0    0000fff0    00000002     
                  0000fff0    00000002     rts430_eabi.lib : int08.asm.obj (.int08)

TIMER0_A0 
*          0    0000fff2    00000002     
                  0000fff2    00000002     main.obj (.int09)

WDT        0    0000fff4    00000002     
                  0000fff4    00000002     rts430_eabi.lib : int10.asm.obj (.int10)

COMPARATORA 
*          0    0000fff6    00000002     
                  0000fff6    00000002     rts430_eabi.lib : int11.asm.obj (.int11)

TIMER1_A1 
*          0    0000fff8    00000002     
                  0000fff8    00000002     rts430_eabi.lib : int12.asm.obj (.int12)

TIMER1_A0 
*          0    0000fffa    00000002     
                  0000fffa    00000002     rts430_eabi.lib : int13.asm.obj (.int13)

NMI        0    0000fffc    00000002     
                  0000fffc    00000002     rts430_eabi.lib : int14.asm.obj (.int14)

.reset     0    0000fffe    00000002     
                  0000fffe    00000002     rts430_eabi.lib : boot.c.obj (.reset)

$fill000   0    0000ffde    00000002     
                  0000ffde    00000002     --HOLE-- [fill = ffff]

MODULE SUMMARY

       Module                       code   ro data   rw data
       ------                       ----   -------   -------
    .\
       main.obj                     594    36        136    
       LCD_I2C.obj                  420    4         1      
    +--+----------------------------+------+---------+---------+
       Total:                       1014   40        137    
                                                            
    C:\ti\ccs1110\ccs\tools\compiler\ti-cgt-msp430_21.6.0.LTS\lib\rts430_eabi.lib
       frcdivd.c.obj                1144   0         0      
       _printfi.c.obj               716    38        0      
       mpyd.c.obj                   704    0         0      
       divd.c.obj                   568    0         0      
       frcmpyd.c.obj                370    0         0      
       mult64.asm.obj               276    0         0      
       fltlid.c.obj                 172    0         0      
       copy_decompress_lzss.c.obj   124    0         0      
       fixdli.c.obj                 114    0         0      
       lsr32.asm.obj                110    0         0      
       sprintf.c.obj                100    0         0      
       lsr16.asm.obj                76     0         0      
       lsr64.c.obj                  70     0         0      
       lsl64.c.obj                  68     0         0      
       autoinit.c.obj               66     0         0      
       asr32.asm.obj                62     0         0      
       lsl32.asm.obj                62     0         0      
       asr16.asm.obj                44     0         0      
       lsl16.asm.obj                44     0         0      
       fixdi.c.obj                  40     0         0      
       mult32.asm.obj               38     0         0      
       memccpy.c.obj                34     0         0      
       mult1632.asm.obj             34     0         0      
       boot.c.obj                   28     2         0      
       mult3264.asm.obj             30     0         0      
       div16u.asm.obj               22     0         0      
       copy_zero_init.c.obj         20     0         0      
       memset.c.obj                 20     0         0      
       mult16.asm.obj               20     0         0      
       copy_decompress_none.c.obj   18     0         0      
       memcpy.c.obj                 18     0         0      
       epilog.asm.obj               16     0         0      
       strlen.c.obj                 14     0         0      
       fltid.c.obj                  12     0         0      
       isr_trap.asm.obj             8      0         0      
       exit.c.obj                   6      0         0      
       pre_init.c.obj               4      0         0      
       int00.asm.obj                0      2         0      
       int05.asm.obj                0      2         0      
       int07.asm.obj                0      2         0      
       int08.asm.obj                0      2         0      
       int10.asm.obj                0      2         0      
       int11.asm.obj                0      2         0      
       int12.asm.obj                0      2         0      
       int13.asm.obj                0      2         0      
       int14.asm.obj                0      2         0      
       startup.c.obj                2      0         0      
    +--+----------------------------+------+---------+---------+
       Total:                       5274   58        0      
                                                            
       Stack:                       0      0         80     
       Linker Generated:            0      28        0      
    +--+----------------------------+------+---------+---------+
       Grand Total:                 6288   126       217    


LINKER GENERATED COPY TABLES

__TI_cinit_table @ 0000d8ea records: 2, size/record: 4, table size: 8
	.data: load addr=0000d8d6, load size=0000000a bytes, run addr=0000027c, run size=0000000d bytes, compression=lzss
	.bss: load addr=0000d8e6, load size=00000004 bytes, run addr=00000200, run size=0000007c bytes, compression=zero_init


LINKER GENERATED HANDLER TABLE

__TI_handler_table @ 0000d8e0 records: 3, size/record: 2, table size: 6
	index: 0, handler: __TI_zero_init
	index: 1, handler: __TI_decompress_lzss
	index: 2, handler: __TI_decompress_none


GLOBAL SYMBOLS: SORTED ALPHABETICALLY BY Name 

address   name                          
-------   ----                          
0000004a  ADC10AE0                      
000001b0  ADC10CTL0                     
000001b2  ADC10CTL1                     
00000048  ADC10DTC0                     
00000049  ADC10DTC1                     
000001b4  ADC10MEM                      
000001bc  ADC10SA                       
00000057  BCSCTL1                       
00000058  BCSCTL2                       
00000053  BCSCTL3                       
0000d87e  C$$EXIT                       
00000059  CACTL1                        
0000005a  CACTL2                        
000010fb  CALBC1_12MHZ                  
000010f9  CALBC1_16MHZ                  
000010ff  CALBC1_1MHZ                   
000010fd  CALBC1_8MHZ                   
000010fa  CALDCO_12MHZ                  
000010f8  CALDCO_16MHZ                  
000010fe  CALDCO_1MHZ                   
000010fc  CALDCO_8MHZ                   
0000005b  CAPD                          
00000056  DCOCTL                        
00000128  FCTL1                         
0000012a  FCTL2                         
0000012c  FCTL3                         
00000000  IE1                           
00000001  IE2                           
00000002  IFG1                          
00000003  IFG2                          
00000288  LCDOUT                        
00000022  P1DIR                         
00000025  P1IE                          
00000024  P1IES                         
00000023  P1IFG                         
00000020  P1IN                          
00000021  P1OUT                         
00000027  P1REN                         
00000026  P1SEL                         
00000041  P1SEL2                        
0000002a  P2DIR                         
0000002d  P2IE                          
0000002c  P2IES                         
0000002b  P2IFG                         
00000028  P2IN                          
00000029  P2OUT                         
0000002f  P2REN                         
0000002e  P2SEL                         
00000042  P2SEL2                        
0000001a  P3DIR                         
00000018  P3IN                          
00000019  P3OUT                         
00000010  P3REN                         
0000001b  P3SEL                         
00000043  P3SEL2                        
0000ce3a  Port_1                        
0000d676  Port_2                        
00000172  TA0CCR0                       
00000174  TA0CCR1                       
00000176  TA0CCR2                       
00000162  TA0CCTL0                      
00000164  TA0CCTL1                      
00000166  TA0CCTL2                      
00000160  TA0CTL                        
0000012e  TA0IV                         
00000170  TA0R                          
00000192  TA1CCR0                       
00000194  TA1CCR1                       
00000196  TA1CCR2                       
00000182  TA1CCTL0                      
00000184  TA1CCTL1                      
00000186  TA1CCTL2                      
00000180  TA1CTL                        
0000011e  TA1IV                         
00000190  TA1R                          
000010db  TLV_ADC10_1_LEN               
000010da  TLV_ADC10_1_TAG               
000010c0  TLV_CHECKSUM                  
000010f7  TLV_DCO_30_LEN                
000010f6  TLV_DCO_30_TAG                
0000005d  UCA0ABCTL                     
00000062  UCA0BR0                       
00000063  UCA0BR1                       
00000060  UCA0CTL0                      
00000061  UCA0CTL1                      
0000005f  UCA0IRRCTL                    
0000005e  UCA0IRTCTL                    
00000064  UCA0MCTL                      
00000066  UCA0RXBUF                     
00000065  UCA0STAT                      
00000067  UCA0TXBUF                     
0000006a  UCB0BR0                       
0000006b  UCB0BR1                       
00000068  UCB0CTL0                      
00000069  UCB0CTL1                      
0000006c  UCB0I2CIE                     
00000118  UCB0I2COA                     
0000011a  UCB0I2CSA                     
0000006e  UCB0RXBUF                     
0000006d  UCB0STAT                      
0000006f  UCB0TXBUF                     
0000d796  USCIAB0TX_ISR                 
00000120  WDTCTL                        
00000400  __STACK_END                   
00000050  __STACK_SIZE                  
0000d8ea  __TI_CINIT_Base               
0000d8f2  __TI_CINIT_Limit              
0000d8f2  __TI_CINIT_Warm               
0000d8e0  __TI_Handler_Table_Base       
0000d8e6  __TI_Handler_Table_Limit      
0000d876  __TI_ISR_TRAP                 
0000d4b2  __TI_auto_init_nobinit_nopinit
0000d248  __TI_decompress_lzss          
0000d80c  __TI_decompress_none          
0000c000  __TI_frcdivd                  
0000c970  __TI_frcmpyd                  
0000ffe0  __TI_int00                    
0000ffe4  __TI_int02                    
0000ffe6  __TI_int03                    
0000ffea  __TI_int05                    
0000ffec  __TI_int06                    
0000ffee  __TI_int07                    
0000fff0  __TI_int08                    
0000fff2  __TI_int09                    
0000fff4  __TI_int10                    
0000fff6  __TI_int11                    
0000fff8  __TI_int12                    
0000fffa  __TI_int13                    
0000fffc  __TI_int14                    
ffffffff  __TI_pprof_out_hndl           
0000cf30  __TI_printfi_minimal          
ffffffff  __TI_prof_data_size           
ffffffff  __TI_prof_data_start          
0000d7aa  __TI_zero_init_nomemset       
ffffffff  __c_args__                    
0000c738  __mspabi_divd                 
0000d780  __mspabi_divu                 
0000d600  __mspabi_fixdi                
0000d2c4  __mspabi_fixdli               
0000d860  __mspabi_fltid                
0000d19c  __mspabi_fltlid               
0000d84e  __mspabi_func_epilog_1        
0000d84c  __mspabi_func_epilog_2        
0000d84a  __mspabi_func_epilog_3        
0000d848  __mspabi_func_epilog_4        
0000d846  __mspabi_func_epilog_5        
0000d844  __mspabi_func_epilog_6        
0000d842  __mspabi_func_epilog_7        
0000c478  __mspabi_mpyd                 
0000d7d2  __mspabi_mpyi                 
0000d7d2  __mspabi_mpyi_sw              
0000d650  __mspabi_mpyl                 
0000d650  __mspabi_mpyl_sw              
0000cd26  __mspabi_mpyll                
0000cd26  __mspabi_mpyll_sw             
0000d69a  __mspabi_mpyul                
0000d69a  __mspabi_mpyul_sw             
0000d6de  __mspabi_mpyull               
0000d6de  __mspabi_mpyull_sw            
0000d780  __mspabi_remu                 
0000d5d4  __mspabi_slli                 
0000d5fc  __mspabi_slli_1               
0000d5ea  __mspabi_slli_10              
0000d5e8  __mspabi_slli_11              
0000d5e6  __mspabi_slli_12              
0000d5e4  __mspabi_slli_13              
0000d5e2  __mspabi_slli_14              
0000d5e0  __mspabi_slli_15              
0000d5fa  __mspabi_slli_2               
0000d5f8  __mspabi_slli_3               
0000d5f6  __mspabi_slli_4               
0000d5f4  __mspabi_slli_5               
0000d5f2  __mspabi_slli_6               
0000d5f0  __mspabi_slli_7               
0000d5ee  __mspabi_slli_8               
0000d5ec  __mspabi_slli_9               
0000d56a  __mspabi_slll_1               
0000d546  __mspabi_slll_10              
0000d542  __mspabi_slll_11              
0000d53e  __mspabi_slll_12              
0000d53a  __mspabi_slll_13              
0000d536  __mspabi_slll_14              
0000d532  __mspabi_slll_15              
0000d566  __mspabi_slll_2               
0000d562  __mspabi_slll_3               
0000d55e  __mspabi_slll_4               
0000d55a  __mspabi_slll_5               
0000d556  __mspabi_slll_6               
0000d552  __mspabi_slll_7               
0000d54e  __mspabi_slll_8               
0000d54a  __mspabi_slll_9               
0000d46e  __mspabi_sllll                
0000d5a8  __mspabi_srai                 
0000d5d0  __mspabi_srai_1               
0000d5be  __mspabi_srai_10              
0000d5bc  __mspabi_srai_11              
0000d5ba  __mspabi_srai_12              
0000d5b8  __mspabi_srai_13              
0000d5b6  __mspabi_srai_14              
0000d5b4  __mspabi_srai_15              
0000d5ce  __mspabi_srai_2               
0000d5cc  __mspabi_srai_3               
0000d5ca  __mspabi_srai_4               
0000d5c8  __mspabi_srai_5               
0000d5c6  __mspabi_srai_6               
0000d5c4  __mspabi_srai_7               
0000d5c2  __mspabi_srai_8               
0000d5c0  __mspabi_srai_9               
0000d52c  __mspabi_sral_1               
0000d508  __mspabi_sral_10              
0000d504  __mspabi_sral_11              
0000d500  __mspabi_sral_12              
0000d4fc  __mspabi_sral_13              
0000d4f8  __mspabi_sral_14              
0000d4f4  __mspabi_sral_15              
0000d528  __mspabi_sral_2               
0000d524  __mspabi_sral_3               
0000d520  __mspabi_sral_4               
0000d51c  __mspabi_sral_5               
0000d518  __mspabi_sral_6               
0000d514  __mspabi_sral_7               
0000d510  __mspabi_sral_8               
0000d50c  __mspabi_sral_9               
0000d392  __mspabi_srli                 
0000d3d8  __mspabi_srli_1               
0000d3b4  __mspabi_srli_10              
0000d3b0  __mspabi_srli_11              
0000d3ac  __mspabi_srli_12              
0000d3a8  __mspabi_srli_13              
0000d3a4  __mspabi_srli_14              
0000d3a0  __mspabi_srli_15              
0000d3d4  __mspabi_srli_2               
0000d3d0  __mspabi_srli_3               
0000d3cc  __mspabi_srli_4               
0000d3c8  __mspabi_srli_5               
0000d3c4  __mspabi_srli_6               
0000d3c0  __mspabi_srli_7               
0000d3bc  __mspabi_srli_8               
0000d3b8  __mspabi_srli_9               
0000d81e  __mspabi_srll                 
0000d38a  __mspabi_srll_1               
0000d354  __mspabi_srll_10              
0000d34e  __mspabi_srll_11              
0000d348  __mspabi_srll_12              
0000d342  __mspabi_srll_13              
0000d33c  __mspabi_srll_14              
0000d336  __mspabi_srll_15              
0000d384  __mspabi_srll_2               
0000d37e  __mspabi_srll_3               
0000d378  __mspabi_srll_4               
0000d372  __mspabi_srll_5               
0000d36c  __mspabi_srll_6               
0000d366  __mspabi_srll_7               
0000d360  __mspabi_srll_8               
0000d35a  __mspabi_srll_9               
0000d428  __mspabi_srlll                
0000d71a  _c_int00_noargs               
0000fffe  _reset_vector                 
000003b0  _stack                        
0000d88e  _system_post_cinit            
0000d88a  _system_pre_init              
00000282  a                             
0000d87e  abort                         
00000278  count                         
0000027a  count_2                       
0000d76a  delay                         
0000027e  distance                      
00000286  k                             
0000d0e6  lcd_init                      
0000d750  lcd_print                     
0000d628  lcd_setcursor                 
0000d3de  lcd_write                     
0000cae2  main                          
0000d6bc  memccpy                       
0000d830  memcpy                        
0000d7be  memset                        
0000d6fc  pulseEN                       
0000d7e6  send                          
0000d884  set_backlight                 
0000d570  sprintf                       
00000200  str                           
0000d852  strlen                        
0000027c  time_1                        
0000d86c  timerA                        
00000280  velocity                      
00000284  velocity_count                
00000264  velocitys                     


GLOBAL SYMBOLS: SORTED BY Symbol Address 

address   name                          
-------   ----                          
00000000  IE1                           
00000001  IE2                           
00000002  IFG1                          
00000003  IFG2                          
00000010  P3REN                         
00000018  P3IN                          
00000019  P3OUT                         
0000001a  P3DIR                         
0000001b  P3SEL                         
00000020  P1IN                          
00000021  P1OUT                         
00000022  P1DIR                         
00000023  P1IFG                         
00000024  P1IES                         
00000025  P1IE                          
00000026  P1SEL                         
00000027  P1REN                         
00000028  P2IN                          
00000029  P2OUT                         
0000002a  P2DIR                         
0000002b  P2IFG                         
0000002c  P2IES                         
0000002d  P2IE                          
0000002e  P2SEL                         
0000002f  P2REN                         
00000041  P1SEL2                        
00000042  P2SEL2                        
00000043  P3SEL2                        
00000048  ADC10DTC0                     
00000049  ADC10DTC1                     
0000004a  ADC10AE0                      
00000050  __STACK_SIZE                  
00000053  BCSCTL3                       
00000056  DCOCTL                        
00000057  BCSCTL1                       
00000058  BCSCTL2                       
00000059  CACTL1                        
0000005a  CACTL2                        
0000005b  CAPD                          
0000005d  UCA0ABCTL                     
0000005e  UCA0IRTCTL                    
0000005f  UCA0IRRCTL                    
00000060  UCA0CTL0                      
00000061  UCA0CTL1                      
00000062  UCA0BR0                       
00000063  UCA0BR1                       
00000064  UCA0MCTL                      
00000065  UCA0STAT                      
00000066  UCA0RXBUF                     
00000067  UCA0TXBUF                     
00000068  UCB0CTL0                      
00000069  UCB0CTL1                      
0000006a  UCB0BR0                       
0000006b  UCB0BR1                       
0000006c  UCB0I2CIE                     
0000006d  UCB0STAT                      
0000006e  UCB0RXBUF                     
0000006f  UCB0TXBUF                     
00000118  UCB0I2COA                     
0000011a  UCB0I2CSA                     
0000011e  TA1IV                         
00000120  WDTCTL                        
00000128  FCTL1                         
0000012a  FCTL2                         
0000012c  FCTL3                         
0000012e  TA0IV                         
00000160  TA0CTL                        
00000162  TA0CCTL0                      
00000164  TA0CCTL1                      
00000166  TA0CCTL2                      
00000170  TA0R                          
00000172  TA0CCR0                       
00000174  TA0CCR1                       
00000176  TA0CCR2                       
00000180  TA1CTL                        
00000182  TA1CCTL0                      
00000184  TA1CCTL1                      
00000186  TA1CCTL2                      
00000190  TA1R                          
00000192  TA1CCR0                       
00000194  TA1CCR1                       
00000196  TA1CCR2                       
000001b0  ADC10CTL0                     
000001b2  ADC10CTL1                     
000001b4  ADC10MEM                      
000001bc  ADC10SA                       
00000200  str                           
00000264  velocitys                     
00000278  count                         
0000027a  count_2                       
0000027c  time_1                        
0000027e  distance                      
00000280  velocity                      
00000282  a                             
00000284  velocity_count                
00000286  k                             
00000288  LCDOUT                        
000003b0  _stack                        
00000400  __STACK_END                   
000010c0  TLV_CHECKSUM                  
000010da  TLV_ADC10_1_TAG               
000010db  TLV_ADC10_1_LEN               
000010f6  TLV_DCO_30_TAG                
000010f7  TLV_DCO_30_LEN                
000010f8  CALDCO_16MHZ                  
000010f9  CALBC1_16MHZ                  
000010fa  CALDCO_12MHZ                  
000010fb  CALBC1_12MHZ                  
000010fc  CALDCO_8MHZ                   
000010fd  CALBC1_8MHZ                   
000010fe  CALDCO_1MHZ                   
000010ff  CALBC1_1MHZ                   
0000c000  __TI_frcdivd                  
0000c478  __mspabi_mpyd                 
0000c738  __mspabi_divd                 
0000c970  __TI_frcmpyd                  
0000cae2  main                          
0000cd26  __mspabi_mpyll                
0000cd26  __mspabi_mpyll_sw             
0000ce3a  Port_1                        
0000cf30  __TI_printfi_minimal          
0000d0e6  lcd_init                      
0000d19c  __mspabi_fltlid               
0000d248  __TI_decompress_lzss          
0000d2c4  __mspabi_fixdli               
0000d336  __mspabi_srll_15              
0000d33c  __mspabi_srll_14              
0000d342  __mspabi_srll_13              
0000d348  __mspabi_srll_12              
0000d34e  __mspabi_srll_11              
0000d354  __mspabi_srll_10              
0000d35a  __mspabi_srll_9               
0000d360  __mspabi_srll_8               
0000d366  __mspabi_srll_7               
0000d36c  __mspabi_srll_6               
0000d372  __mspabi_srll_5               
0000d378  __mspabi_srll_4               
0000d37e  __mspabi_srll_3               
0000d384  __mspabi_srll_2               
0000d38a  __mspabi_srll_1               
0000d392  __mspabi_srli                 
0000d3a0  __mspabi_srli_15              
0000d3a4  __mspabi_srli_14              
0000d3a8  __mspabi_srli_13              
0000d3ac  __mspabi_srli_12              
0000d3b0  __mspabi_srli_11              
0000d3b4  __mspabi_srli_10              
0000d3b8  __mspabi_srli_9               
0000d3bc  __mspabi_srli_8               
0000d3c0  __mspabi_srli_7               
0000d3c4  __mspabi_srli_6               
0000d3c8  __mspabi_srli_5               
0000d3cc  __mspabi_srli_4               
0000d3d0  __mspabi_srli_3               
0000d3d4  __mspabi_srli_2               
0000d3d8  __mspabi_srli_1               
0000d3de  lcd_write                     
0000d428  __mspabi_srlll                
0000d46e  __mspabi_sllll                
0000d4b2  __TI_auto_init_nobinit_nopinit
0000d4f4  __mspabi_sral_15              
0000d4f8  __mspabi_sral_14              
0000d4fc  __mspabi_sral_13              
0000d500  __mspabi_sral_12              
0000d504  __mspabi_sral_11              
0000d508  __mspabi_sral_10              
0000d50c  __mspabi_sral_9               
0000d510  __mspabi_sral_8               
0000d514  __mspabi_sral_7               
0000d518  __mspabi_sral_6               
0000d51c  __mspabi_sral_5               
0000d520  __mspabi_sral_4               
0000d524  __mspabi_sral_3               
0000d528  __mspabi_sral_2               
0000d52c  __mspabi_sral_1               
0000d532  __mspabi_slll_15              
0000d536  __mspabi_slll_14              
0000d53a  __mspabi_slll_13              
0000d53e  __mspabi_slll_12              
0000d542  __mspabi_slll_11              
0000d546  __mspabi_slll_10              
0000d54a  __mspabi_slll_9               
0000d54e  __mspabi_slll_8               
0000d552  __mspabi_slll_7               
0000d556  __mspabi_slll_6               
0000d55a  __mspabi_slll_5               
0000d55e  __mspabi_slll_4               
0000d562  __mspabi_slll_3               
0000d566  __mspabi_slll_2               
0000d56a  __mspabi_slll_1               
0000d570  sprintf                       
0000d5a8  __mspabi_srai                 
0000d5b4  __mspabi_srai_15              
0000d5b6  __mspabi_srai_14              
0000d5b8  __mspabi_srai_13              
0000d5ba  __mspabi_srai_12              
0000d5bc  __mspabi_srai_11              
0000d5be  __mspabi_srai_10              
0000d5c0  __mspabi_srai_9               
0000d5c2  __mspabi_srai_8               
0000d5c4  __mspabi_srai_7               
0000d5c6  __mspabi_srai_6               
0000d5c8  __mspabi_srai_5               
0000d5ca  __mspabi_srai_4               
0000d5cc  __mspabi_srai_3               
0000d5ce  __mspabi_srai_2               
0000d5d0  __mspabi_srai_1               
0000d5d4  __mspabi_slli                 
0000d5e0  __mspabi_slli_15              
0000d5e2  __mspabi_slli_14              
0000d5e4  __mspabi_slli_13              
0000d5e6  __mspabi_slli_12              
0000d5e8  __mspabi_slli_11              
0000d5ea  __mspabi_slli_10              
0000d5ec  __mspabi_slli_9               
0000d5ee  __mspabi_slli_8               
0000d5f0  __mspabi_slli_7               
0000d5f2  __mspabi_slli_6               
0000d5f4  __mspabi_slli_5               
0000d5f6  __mspabi_slli_4               
0000d5f8  __mspabi_slli_3               
0000d5fa  __mspabi_slli_2               
0000d5fc  __mspabi_slli_1               
0000d600  __mspabi_fixdi                
0000d628  lcd_setcursor                 
0000d650  __mspabi_mpyl                 
0000d650  __mspabi_mpyl_sw              
0000d676  Port_2                        
0000d69a  __mspabi_mpyul                
0000d69a  __mspabi_mpyul_sw             
0000d6bc  memccpy                       
0000d6de  __mspabi_mpyull               
0000d6de  __mspabi_mpyull_sw            
0000d6fc  pulseEN                       
0000d71a  _c_int00_noargs               
0000d750  lcd_print                     
0000d76a  delay                         
0000d780  __mspabi_divu                 
0000d780  __mspabi_remu                 
0000d796  USCIAB0TX_ISR                 
0000d7aa  __TI_zero_init_nomemset       
0000d7be  memset                        
0000d7d2  __mspabi_mpyi                 
0000d7d2  __mspabi_mpyi_sw              
0000d7e6  send                          
0000d80c  __TI_decompress_none          
0000d81e  __mspabi_srll                 
0000d830  memcpy                        
0000d842  __mspabi_func_epilog_7        
0000d844  __mspabi_func_epilog_6        
0000d846  __mspabi_func_epilog_5        
0000d848  __mspabi_func_epilog_4        
0000d84a  __mspabi_func_epilog_3        
0000d84c  __mspabi_func_epilog_2        
0000d84e  __mspabi_func_epilog_1        
0000d852  strlen                        
0000d860  __mspabi_fltid                
0000d86c  timerA                        
0000d876  __TI_ISR_TRAP                 
0000d87e  C$$EXIT                       
0000d87e  abort                         
0000d884  set_backlight                 
0000d88a  _system_pre_init              
0000d88e  _system_post_cinit            
0000d8e0  __TI_Handler_Table_Base       
0000d8e6  __TI_Handler_Table_Limit      
0000d8ea  __TI_CINIT_Base               
0000d8f2  __TI_CINIT_Limit              
0000d8f2  __TI_CINIT_Warm               
0000ffe0  __TI_int00                    
0000ffe4  __TI_int02                    
0000ffe6  __TI_int03                    
0000ffea  __TI_int05                    
0000ffec  __TI_int06                    
0000ffee  __TI_int07                    
0000fff0  __TI_int08                    
0000fff2  __TI_int09                    
0000fff4  __TI_int10                    
0000fff6  __TI_int11                    
0000fff8  __TI_int12                    
0000fffa  __TI_int13                    
0000fffc  __TI_int14                    
0000fffe  _reset_vector                 
ffffffff  __TI_pprof_out_hndl           
ffffffff  __TI_prof_data_size           
ffffffff  __TI_prof_data_start          
ffffffff  __c_args__                    

[287 symbols]
