<?xml version="1.0" encoding="ISO-8859-1" ?>
<link_info>
   <banner>MSP430 Linker PC v21.6.0.LTS</banner>
   <copyright>Copyright (c) 2003-2018 Texas Instruments Incorporated</copyright>
   <link_time>0x61d81880</link_time>
   <link_errors>0x0</link_errors>
   <output_file>ds18b20.out</output_file>
   <entry_point>
      <name>_c_int00_noargs</name>
      <address>0xd68c</address>
   </entry_point>
   <input_file_list>
      <input_file id="fl-2">
         <path>.\</path>
         <kind>object</kind>
         <file>LCD_I2C.obj</file>
         <name>LCD_I2C.obj</name>
      </input_file>
      <input_file id="fl-3">
         <path>.\</path>
         <kind>object</kind>
         <file>main.obj</file>
         <name>main.obj</name>
      </input_file>
      <input_file id="fl-8">
         <kind>object</kind>
         <file>&lt;internal&gt;</file>
         <name>&lt;internal&gt;</name>
      </input_file>
      <input_file id="fl-1e">
         <path>C:\ti\ccs1110\ccs\tools\compiler\ti-cgt-msp430_21.6.0.LTS\lib\</path>
         <kind>archive</kind>
         <file>rts430_eabi.lib</file>
         <name>sprintf.c.obj</name>
      </input_file>
      <input_file id="fl-1f">
         <path>C:\ti\ccs1110\ccs\tools\compiler\ti-cgt-msp430_21.6.0.LTS\lib\</path>
         <kind>archive</kind>
         <file>rts430_eabi.lib</file>
         <name>epilog.asm.obj</name>
      </input_file>
      <input_file id="fl-20">
         <path>C:\ti\ccs1110\ccs\tools\compiler\ti-cgt-msp430_21.6.0.LTS\lib\</path>
         <kind>archive</kind>
         <file>rts430_eabi.lib</file>
         <name>int00.asm.obj</name>
      </input_file>
      <input_file id="fl-21">
         <path>C:\ti\ccs1110\ccs\tools\compiler\ti-cgt-msp430_21.6.0.LTS\lib\</path>
         <kind>archive</kind>
         <file>rts430_eabi.lib</file>
         <name>int05.asm.obj</name>
      </input_file>
      <input_file id="fl-22">
         <path>C:\ti\ccs1110\ccs\tools\compiler\ti-cgt-msp430_21.6.0.LTS\lib\</path>
         <kind>archive</kind>
         <file>rts430_eabi.lib</file>
         <name>int07.asm.obj</name>
      </input_file>
      <input_file id="fl-23">
         <path>C:\ti\ccs1110\ccs\tools\compiler\ti-cgt-msp430_21.6.0.LTS\lib\</path>
         <kind>archive</kind>
         <file>rts430_eabi.lib</file>
         <name>int08.asm.obj</name>
      </input_file>
      <input_file id="fl-24">
         <path>C:\ti\ccs1110\ccs\tools\compiler\ti-cgt-msp430_21.6.0.LTS\lib\</path>
         <kind>archive</kind>
         <file>rts430_eabi.lib</file>
         <name>int10.asm.obj</name>
      </input_file>
      <input_file id="fl-25">
         <path>C:\ti\ccs1110\ccs\tools\compiler\ti-cgt-msp430_21.6.0.LTS\lib\</path>
         <kind>archive</kind>
         <file>rts430_eabi.lib</file>
         <name>int11.asm.obj</name>
      </input_file>
      <input_file id="fl-26">
         <path>C:\ti\ccs1110\ccs\tools\compiler\ti-cgt-msp430_21.6.0.LTS\lib\</path>
         <kind>archive</kind>
         <file>rts430_eabi.lib</file>
         <name>int12.asm.obj</name>
      </input_file>
      <input_file id="fl-27">
         <path>C:\ti\ccs1110\ccs\tools\compiler\ti-cgt-msp430_21.6.0.LTS\lib\</path>
         <kind>archive</kind>
         <file>rts430_eabi.lib</file>
         <name>int13.asm.obj</name>
      </input_file>
      <input_file id="fl-28">
         <path>C:\ti\ccs1110\ccs\tools\compiler\ti-cgt-msp430_21.6.0.LTS\lib\</path>
         <kind>archive</kind>
         <file>rts430_eabi.lib</file>
         <name>int14.asm.obj</name>
      </input_file>
      <input_file id="fl-29">
         <path>C:\ti\ccs1110\ccs\tools\compiler\ti-cgt-msp430_21.6.0.LTS\lib\</path>
         <kind>archive</kind>
         <file>rts430_eabi.lib</file>
         <name>isr_trap.asm.obj</name>
      </input_file>
      <input_file id="fl-2a">
         <path>C:\ti\ccs1110\ccs\tools\compiler\ti-cgt-msp430_21.6.0.LTS\lib\</path>
         <kind>archive</kind>
         <file>rts430_eabi.lib</file>
         <name>lsl16.asm.obj</name>
      </input_file>
      <input_file id="fl-2b">
         <path>C:\ti\ccs1110\ccs\tools\compiler\ti-cgt-msp430_21.6.0.LTS\lib\</path>
         <kind>archive</kind>
         <file>rts430_eabi.lib</file>
         <name>lsr16.asm.obj</name>
      </input_file>
      <input_file id="fl-2c">
         <path>C:\ti\ccs1110\ccs\tools\compiler\ti-cgt-msp430_21.6.0.LTS\lib\</path>
         <kind>archive</kind>
         <file>rts430_eabi.lib</file>
         <name>boot.c.obj</name>
      </input_file>
      <input_file id="fl-2d">
         <path>C:\ti\ccs1110\ccs\tools\compiler\ti-cgt-msp430_21.6.0.LTS\lib\</path>
         <kind>archive</kind>
         <file>rts430_eabi.lib</file>
         <name>autoinit.c.obj</name>
      </input_file>
      <input_file id="fl-2e">
         <path>C:\ti\ccs1110\ccs\tools\compiler\ti-cgt-msp430_21.6.0.LTS\lib\</path>
         <kind>archive</kind>
         <file>rts430_eabi.lib</file>
         <name>copy_zero_init.c.obj</name>
      </input_file>
      <input_file id="fl-2f">
         <path>C:\ti\ccs1110\ccs\tools\compiler\ti-cgt-msp430_21.6.0.LTS\lib\</path>
         <kind>archive</kind>
         <file>rts430_eabi.lib</file>
         <name>cpy_tbl.c.obj</name>
      </input_file>
      <input_file id="fl-30">
         <path>C:\ti\ccs1110\ccs\tools\compiler\ti-cgt-msp430_21.6.0.LTS\lib\</path>
         <kind>archive</kind>
         <file>rts430_eabi.lib</file>
         <name>mpu_init.c.obj</name>
      </input_file>
      <input_file id="fl-31">
         <path>C:\ti\ccs1110\ccs\tools\compiler\ti-cgt-msp430_21.6.0.LTS\lib\</path>
         <kind>archive</kind>
         <file>rts430_eabi.lib</file>
         <name>lsr64.c.obj</name>
      </input_file>
      <input_file id="fl-32">
         <path>C:\ti\ccs1110\ccs\tools\compiler\ti-cgt-msp430_21.6.0.LTS\lib\</path>
         <kind>archive</kind>
         <file>rts430_eabi.lib</file>
         <name>pre_init.c.obj</name>
      </input_file>
      <input_file id="fl-33">
         <path>C:\ti\ccs1110\ccs\tools\compiler\ti-cgt-msp430_21.6.0.LTS\lib\</path>
         <kind>archive</kind>
         <file>rts430_eabi.lib</file>
         <name>startup.c.obj</name>
      </input_file>
      <input_file id="fl-34">
         <path>C:\ti\ccs1110\ccs\tools\compiler\ti-cgt-msp430_21.6.0.LTS\lib\</path>
         <kind>archive</kind>
         <file>rts430_eabi.lib</file>
         <name>copy_decompress_none.c.obj</name>
      </input_file>
      <input_file id="fl-35">
         <path>C:\ti\ccs1110\ccs\tools\compiler\ti-cgt-msp430_21.6.0.LTS\lib\</path>
         <kind>archive</kind>
         <file>rts430_eabi.lib</file>
         <name>copy_decompress_lzss.c.obj</name>
      </input_file>
      <input_file id="fl-36">
         <path>C:\ti\ccs1110\ccs\tools\compiler\ti-cgt-msp430_21.6.0.LTS\lib\</path>
         <kind>archive</kind>
         <file>rts430_eabi.lib</file>
         <name>divd.c.obj</name>
      </input_file>
      <input_file id="fl-37">
         <path>C:\ti\ccs1110\ccs\tools\compiler\ti-cgt-msp430_21.6.0.LTS\lib\</path>
         <kind>archive</kind>
         <file>rts430_eabi.lib</file>
         <name>fixdi.c.obj</name>
      </input_file>
      <input_file id="fl-38">
         <path>C:\ti\ccs1110\ccs\tools\compiler\ti-cgt-msp430_21.6.0.LTS\lib\</path>
         <kind>archive</kind>
         <file>rts430_eabi.lib</file>
         <name>fixdli.c.obj</name>
      </input_file>
      <input_file id="fl-39">
         <path>C:\ti\ccs1110\ccs\tools\compiler\ti-cgt-msp430_21.6.0.LTS\lib\</path>
         <kind>archive</kind>
         <file>rts430_eabi.lib</file>
         <name>fltid.c.obj</name>
      </input_file>
      <input_file id="fl-3a">
         <path>C:\ti\ccs1110\ccs\tools\compiler\ti-cgt-msp430_21.6.0.LTS\lib\</path>
         <kind>archive</kind>
         <file>rts430_eabi.lib</file>
         <name>fltlid.c.obj</name>
      </input_file>
      <input_file id="fl-3b">
         <path>C:\ti\ccs1110\ccs\tools\compiler\ti-cgt-msp430_21.6.0.LTS\lib\</path>
         <kind>archive</kind>
         <file>rts430_eabi.lib</file>
         <name>frcdivd.c.obj</name>
      </input_file>
      <input_file id="fl-3c">
         <path>C:\ti\ccs1110\ccs\tools\compiler\ti-cgt-msp430_21.6.0.LTS\lib\</path>
         <kind>archive</kind>
         <file>rts430_eabi.lib</file>
         <name>mpyd.c.obj</name>
      </input_file>
      <input_file id="fl-3d">
         <path>C:\ti\ccs1110\ccs\tools\compiler\ti-cgt-msp430_21.6.0.LTS\lib\</path>
         <kind>archive</kind>
         <file>rts430_eabi.lib</file>
         <name>exit.c.obj</name>
      </input_file>
      <input_file id="fl-3e">
         <path>C:\ti\ccs1110\ccs\tools\compiler\ti-cgt-msp430_21.6.0.LTS\lib\</path>
         <kind>archive</kind>
         <file>rts430_eabi.lib</file>
         <name>_lock.c.obj</name>
      </input_file>
      <input_file id="fl-3f">
         <path>C:\ti\ccs1110\ccs\tools\compiler\ti-cgt-msp430_21.6.0.LTS\lib\</path>
         <kind>archive</kind>
         <file>rts430_eabi.lib</file>
         <name>args_main.c.obj</name>
      </input_file>
      <input_file id="fl-40">
         <path>C:\ti\ccs1110\ccs\tools\compiler\ti-cgt-msp430_21.6.0.LTS\lib\</path>
         <kind>archive</kind>
         <file>rts430_eabi.lib</file>
         <name>memcpy.c.obj</name>
      </input_file>
      <input_file id="fl-41">
         <path>C:\ti\ccs1110\ccs\tools\compiler\ti-cgt-msp430_21.6.0.LTS\lib\</path>
         <kind>archive</kind>
         <file>rts430_eabi.lib</file>
         <name>_printfi.c.obj</name>
      </input_file>
      <input_file id="fl-42">
         <path>C:\ti\ccs1110\ccs\tools\compiler\ti-cgt-msp430_21.6.0.LTS\lib\</path>
         <kind>archive</kind>
         <file>rts430_eabi.lib</file>
         <name>asr16.asm.obj</name>
      </input_file>
      <input_file id="fl-43">
         <path>C:\ti\ccs1110\ccs\tools\compiler\ti-cgt-msp430_21.6.0.LTS\lib\</path>
         <kind>archive</kind>
         <file>rts430_eabi.lib</file>
         <name>asr32.asm.obj</name>
      </input_file>
      <input_file id="fl-44">
         <path>C:\ti\ccs1110\ccs\tools\compiler\ti-cgt-msp430_21.6.0.LTS\lib\</path>
         <kind>archive</kind>
         <file>rts430_eabi.lib</file>
         <name>div16u.asm.obj</name>
      </input_file>
      <input_file id="fl-45">
         <path>C:\ti\ccs1110\ccs\tools\compiler\ti-cgt-msp430_21.6.0.LTS\lib\</path>
         <kind>archive</kind>
         <file>rts430_eabi.lib</file>
         <name>div32u.asm.obj</name>
      </input_file>
      <input_file id="fl-46">
         <path>C:\ti\ccs1110\ccs\tools\compiler\ti-cgt-msp430_21.6.0.LTS\lib\</path>
         <kind>archive</kind>
         <file>rts430_eabi.lib</file>
         <name>lsl32.asm.obj</name>
      </input_file>
      <input_file id="fl-47">
         <path>C:\ti\ccs1110\ccs\tools\compiler\ti-cgt-msp430_21.6.0.LTS\lib\</path>
         <kind>archive</kind>
         <file>rts430_eabi.lib</file>
         <name>lsr32.asm.obj</name>
      </input_file>
      <input_file id="fl-48">
         <path>C:\ti\ccs1110\ccs\tools\compiler\ti-cgt-msp430_21.6.0.LTS\lib\</path>
         <kind>archive</kind>
         <file>rts430_eabi.lib</file>
         <name>mult16.asm.obj</name>
      </input_file>
      <input_file id="fl-49">
         <path>C:\ti\ccs1110\ccs\tools\compiler\ti-cgt-msp430_21.6.0.LTS\lib\</path>
         <kind>archive</kind>
         <file>rts430_eabi.lib</file>
         <name>mult32.asm.obj</name>
      </input_file>
      <input_file id="fl-4a">
         <path>C:\ti\ccs1110\ccs\tools\compiler\ti-cgt-msp430_21.6.0.LTS\lib\</path>
         <kind>archive</kind>
         <file>rts430_eabi.lib</file>
         <name>exit_gvars.c.obj</name>
      </input_file>
      <input_file id="fl-4b">
         <path>C:\ti\ccs1110\ccs\tools\compiler\ti-cgt-msp430_21.6.0.LTS\lib\</path>
         <kind>archive</kind>
         <file>rts430_eabi.lib</file>
         <name>div64u.c.obj</name>
      </input_file>
      <input_file id="fl-4c">
         <path>C:\ti\ccs1110\ccs\tools\compiler\ti-cgt-msp430_21.6.0.LTS\lib\</path>
         <kind>archive</kind>
         <file>rts430_eabi.lib</file>
         <name>cmpd.c.obj</name>
      </input_file>
      <input_file id="fl-4d">
         <path>C:\ti\ccs1110\ccs\tools\compiler\ti-cgt-msp430_21.6.0.LTS\lib\</path>
         <kind>archive</kind>
         <file>rts430_eabi.lib</file>
         <name>frcmpyd.c.obj</name>
      </input_file>
      <input_file id="fl-4e">
         <path>C:\ti\ccs1110\ccs\tools\compiler\ti-cgt-msp430_21.6.0.LTS\lib\</path>
         <kind>archive</kind>
         <file>rts430_eabi.lib</file>
         <name>negd.c.obj</name>
      </input_file>
      <input_file id="fl-4f">
         <path>C:\ti\ccs1110\ccs\tools\compiler\ti-cgt-msp430_21.6.0.LTS\lib\</path>
         <kind>archive</kind>
         <file>rts430_eabi.lib</file>
         <name>subd.c.obj</name>
      </input_file>
      <input_file id="fl-50">
         <path>C:\ti\ccs1110\ccs\tools\compiler\ti-cgt-msp430_21.6.0.LTS\lib\</path>
         <kind>archive</kind>
         <file>rts430_eabi.lib</file>
         <name>_ltoa.c.obj</name>
      </input_file>
      <input_file id="fl-51">
         <path>C:\ti\ccs1110\ccs\tools\compiler\ti-cgt-msp430_21.6.0.LTS\lib\</path>
         <kind>archive</kind>
         <file>rts430_eabi.lib</file>
         <name>atoi.c.obj</name>
      </input_file>
      <input_file id="fl-52">
         <path>C:\ti\ccs1110\ccs\tools\compiler\ti-cgt-msp430_21.6.0.LTS\lib\</path>
         <kind>archive</kind>
         <file>rts430_eabi.lib</file>
         <name>ctype.c.obj</name>
      </input_file>
      <input_file id="fl-53">
         <path>C:\ti\ccs1110\ccs\tools\compiler\ti-cgt-msp430_21.6.0.LTS\lib\</path>
         <kind>archive</kind>
         <file>rts430_eabi.lib</file>
         <name>memccpy.c.obj</name>
      </input_file>
      <input_file id="fl-54">
         <path>C:\ti\ccs1110\ccs\tools\compiler\ti-cgt-msp430_21.6.0.LTS\lib\</path>
         <kind>archive</kind>
         <file>rts430_eabi.lib</file>
         <name>memset.c.obj</name>
      </input_file>
      <input_file id="fl-55">
         <path>C:\ti\ccs1110\ccs\tools\compiler\ti-cgt-msp430_21.6.0.LTS\lib\</path>
         <kind>archive</kind>
         <file>rts430_eabi.lib</file>
         <name>strchr.c.obj</name>
      </input_file>
      <input_file id="fl-56">
         <path>C:\ti\ccs1110\ccs\tools\compiler\ti-cgt-msp430_21.6.0.LTS\lib\</path>
         <kind>archive</kind>
         <file>rts430_eabi.lib</file>
         <name>strlen.c.obj</name>
      </input_file>
      <input_file id="fl-57">
         <path>C:\ti\ccs1110\ccs\tools\compiler\ti-cgt-msp430_21.6.0.LTS\lib\</path>
         <kind>archive</kind>
         <file>rts430_eabi.lib</file>
         <name>toupper.c.obj</name>
      </input_file>
      <input_file id="fl-58">
         <path>C:\ti\ccs1110\ccs\tools\compiler\ti-cgt-msp430_21.6.0.LTS\lib\</path>
         <kind>archive</kind>
         <file>rts430_eabi.lib</file>
         <name>errno.c.obj</name>
      </input_file>
      <input_file id="fl-59">
         <path>C:\ti\ccs1110\ccs\tools\compiler\ti-cgt-msp430_21.6.0.LTS\lib\</path>
         <kind>archive</kind>
         <file>rts430_eabi.lib</file>
         <name>abs.c.obj</name>
      </input_file>
      <input_file id="fl-5a">
         <path>C:\ti\ccs1110\ccs\tools\compiler\ti-cgt-msp430_21.6.0.LTS\lib\</path>
         <kind>archive</kind>
         <file>rts430_eabi.lib</file>
         <name>wcslen.c.obj</name>
      </input_file>
      <input_file id="fl-5b">
         <path>C:\ti\ccs1110\ccs\tools\compiler\ti-cgt-msp430_21.6.0.LTS\lib\</path>
         <kind>archive</kind>
         <file>rts430_eabi.lib</file>
         <name>s_frexp.c.obj</name>
      </input_file>
      <input_file id="fl-5c">
         <path>C:\ti\ccs1110\ccs\tools\compiler\ti-cgt-msp430_21.6.0.LTS\lib\</path>
         <kind>archive</kind>
         <file>rts430_eabi.lib</file>
         <name>s_scalbn.c.obj</name>
      </input_file>
      <input_file id="fl-5d">
         <path>C:\ti\ccs1110\ccs\tools\compiler\ti-cgt-msp430_21.6.0.LTS\lib\</path>
         <kind>archive</kind>
         <file>rts430_eabi.lib</file>
         <name>div32s.asm.obj</name>
      </input_file>
      <input_file id="fl-5e">
         <path>C:\ti\ccs1110\ccs\tools\compiler\ti-cgt-msp430_21.6.0.LTS\lib\</path>
         <kind>archive</kind>
         <file>rts430_eabi.lib</file>
         <name>mult3264.asm.obj</name>
      </input_file>
      <input_file id="fl-5f">
         <path>C:\ti\ccs1110\ccs\tools\compiler\ti-cgt-msp430_21.6.0.LTS\lib\</path>
         <kind>archive</kind>
         <file>rts430_eabi.lib</file>
         <name>mult64.asm.obj</name>
      </input_file>
      <input_file id="fl-60">
         <path>C:\ti\ccs1110\ccs\tools\compiler\ti-cgt-msp430_21.6.0.LTS\lib\</path>
         <kind>archive</kind>
         <file>rts430_eabi.lib</file>
         <name>lsl64.c.obj</name>
      </input_file>
      <input_file id="fl-61">
         <path>C:\ti\ccs1110\ccs\tools\compiler\ti-cgt-msp430_21.6.0.LTS\lib\</path>
         <kind>archive</kind>
         <file>rts430_eabi.lib</file>
         <name>addd.c.obj</name>
      </input_file>
      <input_file id="fl-62">
         <path>C:\ti\ccs1110\ccs\tools\compiler\ti-cgt-msp430_21.6.0.LTS\lib\</path>
         <kind>archive</kind>
         <file>rts430_eabi.lib</file>
         <name>s_copysign.c.obj</name>
      </input_file>
      <input_file id="fl-63">
         <path>C:\ti\ccs1110\ccs\tools\compiler\ti-cgt-msp430_21.6.0.LTS\lib\</path>
         <kind>archive</kind>
         <file>rts430_eabi.lib</file>
         <name>mult1632.asm.obj</name>
      </input_file>
      <input_file id="fl-64">
         <path>C:\ti\ccs1110\ccs\tools\compiler\ti-cgt-msp430_21.6.0.LTS\lib\</path>
         <kind>archive</kind>
         <file>rts430_eabi.lib</file>
         <name>asr64.c.obj</name>
      </input_file>
   </input_file_list>
   <object_component_list>
      <object_component id="oc-14f">
         <name>.common:count</name>
         <uninitialized>true</uninitialized>
         <run_address>0x264</run_address>
         <size>0x2</size>
      </object_component>
      <object_component id="oc-173">
         <name>.common:count_2</name>
         <uninitialized>true</uninitialized>
         <run_address>0x266</run_address>
         <size>0x2</size>
      </object_component>
      <object_component id="oc-1f5">
         <name>.common:str</name>
         <uninitialized>true</uninitialized>
         <run_address>0x200</run_address>
         <size>0x64</size>
      </object_component>
      <object_component id="oc-16f">
         <name>.data</name>
         <load_address>0x270</load_address>
         <run_address>0x270</run_address>
         <size>0x1</size>
         <input_file_ref idref="fl-2"/>
      </object_component>
      <object_component id="oc-152">
         <name>.data</name>
         <load_address>0x268</load_address>
         <run_address>0x268</run_address>
         <size>0x8</size>
         <input_file_ref idref="fl-3"/>
      </object_component>
      <object_component id="oc-b1">
         <name>.stack</name>
         <uninitialized>true</uninitialized>
         <run_address>0x3b0</run_address>
         <size>0x2</size>
         <input_file_ref idref="fl-2c"/>
      </object_component>
      <object_component id="oc-3e4">
         <name>.stack</name>
         <uninitialized>true</uninitialized>
         <run_address>0x3b0</run_address>
         <size>0x0</size>
      </object_component>
      <object_component id="oc-1d4">
         <name>.text:__TI_frcdivd</name>
         <load_address>0xc000</load_address>
         <run_address>0xc000</run_address>
         <size>0x478</size>
         <input_file_ref idref="fl-3b"/>
      </object_component>
      <object_component id="oc-15b">
         <name>.text:__mspabi_mpyd</name>
         <load_address>0xc478</load_address>
         <run_address>0xc478</run_address>
         <size>0x2c0</size>
         <input_file_ref idref="fl-3c"/>
      </object_component>
      <object_component id="oc-161">
         <name>.text:__mspabi_divd</name>
         <load_address>0xc738</load_address>
         <run_address>0xc738</run_address>
         <size>0x238</size>
         <input_file_ref idref="fl-36"/>
      </object_component>
      <object_component id="oc-1c7">
         <name>.text:__TI_frcmpyd</name>
         <load_address>0xc970</load_address>
         <run_address>0xc970</run_address>
         <size>0x172</size>
         <input_file_ref idref="fl-4d"/>
      </object_component>
      <object_component id="oc-183">
         <name>.text:main</name>
         <load_address>0xcae2</load_address>
         <run_address>0xcae2</run_address>
         <size>0x11c</size>
         <input_file_ref idref="fl-3"/>
      </object_component>
      <object_component id="oc-30c">
         <name>.text:__TI_printfi_minimal:_setfield___TI_printfi_minimal</name>
         <load_address>0xcbfe</load_address>
         <run_address>0xcbfe</run_address>
         <size>0x116</size>
         <input_file_ref idref="fl-41"/>
      </object_component>
      <object_component id="oc-261">
         <name>.text:__mpyll</name>
         <load_address>0xcd14</load_address>
         <run_address>0xcd14</run_address>
         <size>0x114</size>
         <input_file_ref idref="fl-5f"/>
      </object_component>
      <object_component id="oc-2a7">
         <name>.text:__TI_printfi_minimal:__TI_printfi_minimal</name>
         <load_address>0xce28</load_address>
         <run_address>0xce28</run_address>
         <size>0xec</size>
         <input_file_ref idref="fl-41"/>
      </object_component>
      <object_component id="oc-35b">
         <name>.text:__TI_printfi_minimal:_pproc_diouxp___TI_printfi_minimal</name>
         <load_address>0xcf14</load_address>
         <run_address>0xcf14</run_address>
         <size>0xca</size>
         <input_file_ref idref="fl-41"/>
      </object_component>
      <object_component id="oc-1e8">
         <name>.text:lcd_init</name>
         <load_address>0xcfde</load_address>
         <run_address>0xcfde</run_address>
         <size>0xb6</size>
         <input_file_ref idref="fl-2"/>
      </object_component>
      <object_component id="oc-1bb">
         <name>.text:__mspabi_fltlid</name>
         <load_address>0xd094</load_address>
         <run_address>0xd094</run_address>
         <size>0xac</size>
         <input_file_ref idref="fl-3a"/>
      </object_component>
      <object_component id="oc-e1">
         <name>.text:Port_1</name>
         <load_address>0xd140</load_address>
         <run_address>0xd140</run_address>
         <size>0x9e</size>
         <input_file_ref idref="fl-3"/>
      </object_component>
      <object_component id="oc-34">
         <name>.text:decompress:lzss:__TI_decompress_lzss</name>
         <load_address>0xd1de</load_address>
         <run_address>0xd1de</run_address>
         <size>0x7c</size>
         <input_file_ref idref="fl-35"/>
      </object_component>
      <object_component id="oc-1dc">
         <name>.text:__mspabi_fixdli</name>
         <load_address>0xd25a</load_address>
         <run_address>0xd25a</run_address>
         <size>0x72</size>
         <input_file_ref idref="fl-38"/>
      </object_component>
      <object_component id="oc-253">
         <name>.text:l_lsr_const</name>
         <load_address>0xd2cc</load_address>
         <run_address>0xd2cc</run_address>
         <size>0x5c</size>
         <input_file_ref idref="fl-47"/>
      </object_component>
      <object_component id="oc-ba">
         <name>.text</name>
         <load_address>0xd328</load_address>
         <run_address>0xd328</run_address>
         <size>0x4c</size>
         <input_file_ref idref="fl-2b"/>
      </object_component>
      <object_component id="oc-293">
         <name>.text:lcd_write</name>
         <load_address>0xd374</load_address>
         <run_address>0xd374</run_address>
         <size>0x4a</size>
         <input_file_ref idref="fl-2"/>
      </object_component>
      <object_component id="oc-26b">
         <name>.text:__mspabi_srlll</name>
         <load_address>0xd3be</load_address>
         <run_address>0xd3be</run_address>
         <size>0x46</size>
         <input_file_ref idref="fl-31"/>
      </object_component>
      <object_component id="oc-25b">
         <name>.text:__mspabi_sllll</name>
         <load_address>0xd404</load_address>
         <run_address>0xd404</run_address>
         <size>0x44</size>
         <input_file_ref idref="fl-60"/>
      </object_component>
      <object_component id="oc-215">
         <name>.text:__TI_auto_init_nobinit_nopinit:__TI_auto_init_nobinit_nopinit</name>
         <load_address>0xd448</load_address>
         <run_address>0xd448</run_address>
         <size>0x42</size>
         <input_file_ref idref="fl-2d"/>
      </object_component>
      <object_component id="oc-279">
         <name>.text:l_asr_const</name>
         <load_address>0xd48a</load_address>
         <run_address>0xd48a</run_address>
         <size>0x3e</size>
         <input_file_ref idref="fl-43"/>
      </object_component>
      <object_component id="oc-24e">
         <name>.text:l_lsl_const</name>
         <load_address>0xd4c8</load_address>
         <run_address>0xd4c8</run_address>
         <size>0x3e</size>
         <input_file_ref idref="fl-46"/>
      </object_component>
      <object_component id="oc-1f6">
         <name>.text:sprintf</name>
         <load_address>0xd506</load_address>
         <run_address>0xd506</run_address>
         <size>0x38</size>
         <input_file_ref idref="fl-1e"/>
      </object_component>
      <object_component id="oc-1c2">
         <name>.text</name>
         <load_address>0xd53e</load_address>
         <run_address>0xd53e</run_address>
         <size>0x2c</size>
         <input_file_ref idref="fl-42"/>
      </object_component>
      <object_component id="oc-b5">
         <name>.text</name>
         <load_address>0xd56a</load_address>
         <run_address>0xd56a</run_address>
         <size>0x2c</size>
         <input_file_ref idref="fl-2a"/>
      </object_component>
      <object_component id="oc-167">
         <name>.text:__mspabi_fixdi</name>
         <load_address>0xd596</load_address>
         <run_address>0xd596</run_address>
         <size>0x28</size>
         <input_file_ref idref="fl-37"/>
      </object_component>
      <object_component id="oc-1fc">
         <name>.text:lcd_setcursor</name>
         <load_address>0xd5be</load_address>
         <run_address>0xd5be</run_address>
         <size>0x28</size>
         <input_file_ref idref="fl-2"/>
      </object_component>
      <object_component id="oc-274">
         <name>.text</name>
         <load_address>0xd5e6</load_address>
         <run_address>0xd5e6</run_address>
         <size>0x26</size>
         <input_file_ref idref="fl-49"/>
      </object_component>
      <object_component id="oc-2ee">
         <name>.text:__mpyul</name>
         <load_address>0xd60c</load_address>
         <run_address>0xd60c</run_address>
         <size>0x22</size>
         <input_file_ref idref="fl-63"/>
      </object_component>
      <object_component id="oc-361">
         <name>.text:memccpy</name>
         <load_address>0xd62e</load_address>
         <run_address>0xd62e</run_address>
         <size>0x22</size>
         <input_file_ref idref="fl-53"/>
      </object_component>
      <object_component id="oc-266">
         <name>.text:__mpyull</name>
         <load_address>0xd650</load_address>
         <run_address>0xd650</run_address>
         <size>0x1e</size>
         <input_file_ref idref="fl-5e"/>
      </object_component>
      <object_component id="oc-2fd">
         <name>.text:pulseEN</name>
         <load_address>0xd66e</load_address>
         <run_address>0xd66e</run_address>
         <size>0x1e</size>
         <input_file_ref idref="fl-2"/>
      </object_component>
      <object_component id="oc-10b">
         <name>.text:_c_int00_noargs</name>
         <load_address>0xd68c</load_address>
         <run_address>0xd68c</run_address>
         <size>0x1c</size>
         <input_file_ref idref="fl-2c"/>
      </object_component>
      <object_component id="oc-29b">
         <name>.text:_outs</name>
         <load_address>0xd6a8</load_address>
         <run_address>0xd6a8</run_address>
         <size>0x1a</size>
         <input_file_ref idref="fl-1e"/>
      </object_component>
      <object_component id="oc-202">
         <name>.text:lcd_print</name>
         <load_address>0xd6c2</load_address>
         <run_address>0xd6c2</run_address>
         <size>0x1a</size>
         <input_file_ref idref="fl-2"/>
      </object_component>
      <object_component id="oc-28d">
         <name>.text:delay</name>
         <load_address>0xd6dc</load_address>
         <run_address>0xd6dc</run_address>
         <size>0x16</size>
         <input_file_ref idref="fl-2"/>
      </object_component>
      <object_component id="oc-385">
         <name>.text</name>
         <load_address>0xd6f2</load_address>
         <run_address>0xd6f2</run_address>
         <size>0x16</size>
         <input_file_ref idref="fl-44"/>
      </object_component>
      <object_component id="oc-ed">
         <name>.text:USCIAB0TX_ISR</name>
         <load_address>0xd708</load_address>
         <run_address>0xd708</run_address>
         <size>0x14</size>
         <input_file_ref idref="fl-2"/>
      </object_component>
      <object_component id="oc-f9">
         <name>.text:decompress:ZI:__TI_zero_init_nomemset:__TI_zero_init_nomemset</name>
         <load_address>0xd71c</load_address>
         <run_address>0xd71c</run_address>
         <size>0x14</size>
         <input_file_ref idref="fl-2e"/>
      </object_component>
      <object_component id="oc-354">
         <name>.text:memset</name>
         <load_address>0xd730</load_address>
         <run_address>0xd730</run_address>
         <size>0x14</size>
         <input_file_ref idref="fl-54"/>
      </object_component>
      <object_component id="oc-27e">
         <name>.text</name>
         <load_address>0xd744</load_address>
         <run_address>0xd744</run_address>
         <size>0x14</size>
         <input_file_ref idref="fl-48"/>
      </object_component>
      <object_component id="oc-34b">
         <name>.text:send</name>
         <load_address>0xd758</load_address>
         <run_address>0xd758</run_address>
         <size>0x14</size>
         <input_file_ref idref="fl-2"/>
      </object_component>
      <object_component id="oc-2a1">
         <name>.text:_outc</name>
         <load_address>0xd76c</load_address>
         <run_address>0xd76c</run_address>
         <size>0x12</size>
         <input_file_ref idref="fl-1e"/>
      </object_component>
      <object_component id="oc-3a">
         <name>.text:decompress:none:__TI_decompress_none</name>
         <load_address>0xd77e</load_address>
         <run_address>0xd77e</run_address>
         <size>0x12</size>
         <input_file_ref idref="fl-34"/>
      </object_component>
      <object_component id="oc-287">
         <name>.text:l_lsr</name>
         <load_address>0xd790</load_address>
         <run_address>0xd790</run_address>
         <size>0x12</size>
         <input_file_ref idref="fl-47"/>
      </object_component>
      <object_component id="oc-cf">
         <name>.text:memcpy</name>
         <load_address>0xd7a2</load_address>
         <run_address>0xd7a2</run_address>
         <size>0x12</size>
         <input_file_ref idref="fl-40"/>
      </object_component>
      <object_component id="oc-bf">
         <name>.text</name>
         <load_address>0xd7b4</load_address>
         <run_address>0xd7b4</run_address>
         <size>0x10</size>
         <input_file_ref idref="fl-1f"/>
      </object_component>
      <object_component id="oc-306">
         <name>.text:strlen</name>
         <load_address>0xd7c4</load_address>
         <run_address>0xd7c4</run_address>
         <size>0xe</size>
         <input_file_ref idref="fl-56"/>
      </object_component>
      <object_component id="oc-155">
         <name>.text:__mspabi_fltid</name>
         <load_address>0xd7d2</load_address>
         <run_address>0xd7d2</run_address>
         <size>0xc</size>
         <input_file_ref idref="fl-39"/>
      </object_component>
      <object_component id="oc-e7">
         <name>.text:Port_2</name>
         <load_address>0xd7de</load_address>
         <run_address>0xd7de</run_address>
         <size>0xa</size>
         <input_file_ref idref="fl-3"/>
      </object_component>
      <object_component id="oc-f3">
         <name>.text:timerA</name>
         <load_address>0xd7e8</load_address>
         <run_address>0xd7e8</run_address>
         <size>0xa</size>
         <input_file_ref idref="fl-3"/>
      </object_component>
      <object_component id="oc-dc">
         <name>.text:_isr:__TI_ISR_TRAP</name>
         <load_address>0xd7f2</load_address>
         <run_address>0xd7f2</run_address>
         <size>0x8</size>
         <input_file_ref idref="fl-29"/>
      </object_component>
      <object_component id="oc-209">
         <name>.text:abort</name>
         <load_address>0xd7fa</load_address>
         <run_address>0xd7fa</run_address>
         <size>0x6</size>
         <input_file_ref idref="fl-3d"/>
      </object_component>
      <object_component id="oc-1ee">
         <name>.text:set_backlight</name>
         <load_address>0xd800</load_address>
         <run_address>0xd800</run_address>
         <size>0x6</size>
         <input_file_ref idref="fl-2"/>
      </object_component>
      <object_component id="oc-17d">
         <name>.text:_system_pre_init</name>
         <load_address>0xd806</load_address>
         <run_address>0xd806</run_address>
         <size>0x4</size>
         <input_file_ref idref="fl-32"/>
      </object_component>
      <object_component id="oc-2c6">
         <name>.text:_system_post_cinit</name>
         <load_address>0xd80a</load_address>
         <run_address>0xd80a</run_address>
         <size>0x2</size>
         <input_file_ref idref="fl-33"/>
      </object_component>
      <object_component id="oc-3e3">
         <name>.cinit..data.load</name>
         <load_address>0xd852</load_address>
         <run_address>0xd852</run_address>
         <size>0xa</size>
      </object_component>
      <object_component id="oc-3e0">
         <name>__TI_handler_table</name>
         <load_address>0xd85c</load_address>
         <run_address>0xd85c</run_address>
         <size>0x6</size>
      </object_component>
      <object_component id="oc-3e2">
         <name>.cinit..bss.load</name>
         <load_address>0xd862</load_address>
         <run_address>0xd862</run_address>
         <size>0x4</size>
      </object_component>
      <object_component id="oc-3e1">
         <name>__TI_cinit_table</name>
         <load_address>0xd866</load_address>
         <run_address>0xd866</run_address>
         <size>0x8</size>
      </object_component>
      <object_component id="oc-35a">
         <name>.const:.string</name>
         <load_address>0xd80c</load_address>
         <run_address>0xd80c</run_address>
         <size>0x26</size>
         <input_file_ref idref="fl-41"/>
      </object_component>
      <object_component id="oc-1f4">
         <name>.const:.string</name>
         <load_address>0xd832</load_address>
         <run_address>0xd832</run_address>
         <size>0x1e</size>
         <input_file_ref idref="fl-3"/>
      </object_component>
      <object_component id="oc-2af">
         <name>.const:.string:$P$T0$1</name>
         <load_address>0xd850</load_address>
         <run_address>0xd850</run_address>
         <size>0x2</size>
         <input_file_ref idref="fl-2"/>
      </object_component>
      <object_component id="oc-3a2">
         <name>.binit</name>
         <load_address>0xc000</load_address>
         <run_address>0xc000</run_address>
         <size>0x0</size>
      </object_component>
      <object_component id="oc-40">
         <name>.int00</name>
         <load_address>0xffe0</load_address>
         <run_address>0xffe0</run_address>
         <size>0x2</size>
         <input_file_ref idref="fl-20"/>
      </object_component>
      <object_component id="oc-41">
         <name>.int02</name>
         <load_address>0xffe4</load_address>
         <run_address>0xffe4</run_address>
         <size>0x2</size>
         <input_file_ref idref="fl-3"/>
      </object_component>
      <object_component id="oc-42">
         <name>.int03</name>
         <load_address>0xffe6</load_address>
         <run_address>0xffe6</run_address>
         <size>0x2</size>
         <input_file_ref idref="fl-3"/>
      </object_component>
      <object_component id="oc-43">
         <name>.int05</name>
         <load_address>0xffea</load_address>
         <run_address>0xffea</run_address>
         <size>0x2</size>
         <input_file_ref idref="fl-21"/>
      </object_component>
      <object_component id="oc-44">
         <name>.int06</name>
         <load_address>0xffec</load_address>
         <run_address>0xffec</run_address>
         <size>0x2</size>
         <input_file_ref idref="fl-2"/>
      </object_component>
      <object_component id="oc-45">
         <name>.int07</name>
         <load_address>0xffee</load_address>
         <run_address>0xffee</run_address>
         <size>0x2</size>
         <input_file_ref idref="fl-22"/>
      </object_component>
      <object_component id="oc-46">
         <name>.int08</name>
         <load_address>0xfff0</load_address>
         <run_address>0xfff0</run_address>
         <size>0x2</size>
         <input_file_ref idref="fl-23"/>
      </object_component>
      <object_component id="oc-47">
         <name>.int09</name>
         <load_address>0xfff2</load_address>
         <run_address>0xfff2</run_address>
         <size>0x2</size>
         <input_file_ref idref="fl-3"/>
      </object_component>
      <object_component id="oc-48">
         <name>.int10</name>
         <load_address>0xfff4</load_address>
         <run_address>0xfff4</run_address>
         <size>0x2</size>
         <input_file_ref idref="fl-24"/>
      </object_component>
      <object_component id="oc-49">
         <name>.int11</name>
         <load_address>0xfff6</load_address>
         <run_address>0xfff6</run_address>
         <size>0x2</size>
         <input_file_ref idref="fl-25"/>
      </object_component>
      <object_component id="oc-4a">
         <name>.int12</name>
         <load_address>0xfff8</load_address>
         <run_address>0xfff8</run_address>
         <size>0x2</size>
         <input_file_ref idref="fl-26"/>
      </object_component>
      <object_component id="oc-4b">
         <name>.int13</name>
         <load_address>0xfffa</load_address>
         <run_address>0xfffa</run_address>
         <size>0x2</size>
         <input_file_ref idref="fl-27"/>
      </object_component>
      <object_component id="oc-4c">
         <name>.int14</name>
         <load_address>0xfffc</load_address>
         <run_address>0xfffc</run_address>
         <size>0x2</size>
         <input_file_ref idref="fl-28"/>
      </object_component>
      <object_component id="oc-b4">
         <name>.reset</name>
         <load_address>0xfffe</load_address>
         <run_address>0xfffe</run_address>
         <size>0x2</size>
         <input_file_ref idref="fl-2c"/>
      </object_component>
      <object_component id="oc-24d">
         <name>.debug_info</name>
         <load_address>0x0</load_address>
         <run_address>0x0</run_address>
         <size>0x2c3</size>
         <input_file_ref idref="fl-2"/>
      </object_component>
      <object_component id="oc-170">
         <name>.debug_info</name>
         <load_address>0x2c3</load_address>
         <run_address>0x2c3</run_address>
         <size>0xca</size>
         <input_file_ref idref="fl-2"/>
      </object_component>
      <object_component id="oc-2b0">
         <name>.debug_info</name>
         <load_address>0x38d</load_address>
         <run_address>0x38d</run_address>
         <size>0xcb</size>
         <input_file_ref idref="fl-2"/>
      </object_component>
      <object_component id="oc-1ef">
         <name>.debug_info</name>
         <load_address>0x458</load_address>
         <run_address>0x458</run_address>
         <size>0x108</size>
         <input_file_ref idref="fl-2"/>
      </object_component>
      <object_component id="oc-34c">
         <name>.debug_info</name>
         <load_address>0x560</load_address>
         <run_address>0x560</run_address>
         <size>0xf6</size>
         <input_file_ref idref="fl-2"/>
      </object_component>
      <object_component id="oc-28e">
         <name>.debug_info</name>
         <load_address>0x656</load_address>
         <run_address>0x656</run_address>
         <size>0x10e</size>
         <input_file_ref idref="fl-2"/>
      </object_component>
      <object_component id="oc-2fe">
         <name>.debug_info</name>
         <load_address>0x764</load_address>
         <run_address>0x764</run_address>
         <size>0x12a</size>
         <input_file_ref idref="fl-2"/>
      </object_component>
      <object_component id="oc-294">
         <name>.debug_info</name>
         <load_address>0x88e</load_address>
         <run_address>0x88e</run_address>
         <size>0x17a</size>
         <input_file_ref idref="fl-2"/>
      </object_component>
      <object_component id="oc-1fd">
         <name>.debug_info</name>
         <load_address>0xa08</load_address>
         <run_address>0xa08</run_address>
         <size>0x17e</size>
         <input_file_ref idref="fl-2"/>
      </object_component>
      <object_component id="oc-203">
         <name>.debug_info</name>
         <load_address>0xb86</load_address>
         <run_address>0xb86</run_address>
         <size>0x126</size>
         <input_file_ref idref="fl-2"/>
      </object_component>
      <object_component id="oc-1e9">
         <name>.debug_info</name>
         <load_address>0xcac</load_address>
         <run_address>0xcac</run_address>
         <size>0x1e8</size>
         <input_file_ref idref="fl-2"/>
      </object_component>
      <object_component id="oc-ee">
         <name>.debug_info</name>
         <load_address>0xe94</load_address>
         <run_address>0xe94</run_address>
         <size>0x109</size>
         <input_file_ref idref="fl-2"/>
      </object_component>
      <object_component id="oc-1aa">
         <name>.debug_info</name>
         <load_address>0xf9d</load_address>
         <run_address>0xf9d</run_address>
         <size>0x26b</size>
         <input_file_ref idref="fl-2"/>
      </object_component>
      <object_component id="oc-ca">
         <name>.debug_info</name>
         <load_address>0x1208</load_address>
         <run_address>0x1208</run_address>
         <size>0x84</size>
         <input_file_ref idref="fl-2"/>
      </object_component>
      <object_component id="oc-248">
         <name>.debug_info</name>
         <load_address>0x128c</load_address>
         <run_address>0x128c</run_address>
         <size>0x282</size>
         <input_file_ref idref="fl-2"/>
      </object_component>
      <object_component id="oc-1b4">
         <name>.debug_info</name>
         <load_address>0x150e</load_address>
         <run_address>0x150e</run_address>
         <size>0xbb</size>
         <input_file_ref idref="fl-2"/>
      </object_component>
      <object_component id="oc-150">
         <name>.debug_info</name>
         <load_address>0x15c9</load_address>
         <run_address>0x15c9</run_address>
         <size>0x445</size>
         <input_file_ref idref="fl-3"/>
      </object_component>
      <object_component id="oc-153">
         <name>.debug_info</name>
         <load_address>0x1a0e</load_address>
         <run_address>0x1a0e</run_address>
         <size>0x11c</size>
         <input_file_ref idref="fl-3"/>
      </object_component>
      <object_component id="oc-f4">
         <name>.debug_info</name>
         <load_address>0x1b2a</load_address>
         <run_address>0x1b2a</run_address>
         <size>0xf2</size>
         <input_file_ref idref="fl-3"/>
      </object_component>
      <object_component id="oc-184">
         <name>.debug_info</name>
         <load_address>0x1c1c</load_address>
         <run_address>0x1c1c</run_address>
         <size>0x1ac</size>
         <input_file_ref idref="fl-3"/>
      </object_component>
      <object_component id="oc-e8">
         <name>.debug_info</name>
         <load_address>0x1dc8</load_address>
         <run_address>0x1dc8</run_address>
         <size>0xf2</size>
         <input_file_ref idref="fl-3"/>
      </object_component>
      <object_component id="oc-e2">
         <name>.debug_info</name>
         <load_address>0x1eba</load_address>
         <run_address>0x1eba</run_address>
         <size>0x159</size>
         <input_file_ref idref="fl-3"/>
      </object_component>
      <object_component id="oc-142">
         <name>.debug_info</name>
         <load_address>0x2013</load_address>
         <run_address>0x2013</run_address>
         <size>0x2c</size>
         <input_file_ref idref="fl-3"/>
      </object_component>
      <object_component id="oc-314">
         <name>.debug_info</name>
         <load_address>0x203f</load_address>
         <run_address>0x203f</run_address>
         <size>0x2c</size>
         <input_file_ref idref="fl-3"/>
      </object_component>
      <object_component id="oc-1af">
         <name>.debug_info</name>
         <load_address>0x206b</load_address>
         <run_address>0x206b</run_address>
         <size>0x35</size>
         <input_file_ref idref="fl-3"/>
      </object_component>
      <object_component id="oc-2ae">
         <name>.debug_info</name>
         <load_address>0x20a0</load_address>
         <run_address>0x20a0</run_address>
         <size>0x20b</size>
         <input_file_ref idref="fl-1e"/>
      </object_component>
      <object_component id="oc-1fa">
         <name>.debug_info</name>
         <load_address>0x22ab</load_address>
         <run_address>0x22ab</run_address>
         <size>0x1c2</size>
         <input_file_ref idref="fl-1e"/>
      </object_component>
      <object_component id="oc-29d">
         <name>.debug_info</name>
         <load_address>0x246d</load_address>
         <run_address>0x246d</run_address>
         <size>0x198</size>
         <input_file_ref idref="fl-1e"/>
      </object_component>
      <object_component id="oc-2a5">
         <name>.debug_info</name>
         <load_address>0x2605</load_address>
         <run_address>0x2605</run_address>
         <size>0x16d</size>
         <input_file_ref idref="fl-1e"/>
      </object_component>
      <object_component id="oc-36a">
         <name>.debug_info</name>
         <load_address>0x2772</load_address>
         <run_address>0x2772</run_address>
         <size>0x2c</size>
         <input_file_ref idref="fl-1e"/>
      </object_component>
      <object_component id="oc-c1">
         <name>.debug_info</name>
         <load_address>0x279e</load_address>
         <run_address>0x279e</run_address>
         <size>0x12e</size>
         <input_file_ref idref="fl-1f"/>
      </object_component>
      <object_component id="oc-dd">
         <name>.debug_info</name>
         <load_address>0x28cc</load_address>
         <run_address>0x28cc</run_address>
         <size>0x10f</size>
         <input_file_ref idref="fl-29"/>
      </object_component>
      <object_component id="oc-b6">
         <name>.debug_info</name>
         <load_address>0x29db</load_address>
         <run_address>0x29db</run_address>
         <size>0x120</size>
         <input_file_ref idref="fl-2a"/>
      </object_component>
      <object_component id="oc-bd">
         <name>.debug_info</name>
         <load_address>0x2afb</load_address>
         <run_address>0x2afb</run_address>
         <size>0x120</size>
         <input_file_ref idref="fl-2b"/>
      </object_component>
      <object_component id="oc-b2">
         <name>.debug_info</name>
         <load_address>0x2c1b</load_address>
         <run_address>0x2c1b</run_address>
         <size>0x100</size>
         <input_file_ref idref="fl-2c"/>
      </object_component>
      <object_component id="oc-10e">
         <name>.debug_info</name>
         <load_address>0x2d1b</load_address>
         <run_address>0x2d1b</run_address>
         <size>0x17a</size>
         <input_file_ref idref="fl-2c"/>
      </object_component>
      <object_component id="oc-2cd">
         <name>.debug_info</name>
         <load_address>0x2e95</load_address>
         <run_address>0x2e95</run_address>
         <size>0x3de</size>
         <input_file_ref idref="fl-2d"/>
      </object_component>
      <object_component id="oc-216">
         <name>.debug_info</name>
         <load_address>0x3273</load_address>
         <run_address>0x3273</run_address>
         <size>0x1e0</size>
         <input_file_ref idref="fl-2d"/>
      </object_component>
      <object_component id="oc-339">
         <name>.debug_info</name>
         <load_address>0x3453</load_address>
         <run_address>0x3453</run_address>
         <size>0x39</size>
         <input_file_ref idref="fl-2d"/>
      </object_component>
      <object_component id="oc-345">
         <name>.debug_info</name>
         <load_address>0x348c</load_address>
         <run_address>0x348c</run_address>
         <size>0x2c</size>
         <input_file_ref idref="fl-2d"/>
      </object_component>
      <object_component id="oc-2d8">
         <name>.debug_info</name>
         <load_address>0x34b8</load_address>
         <run_address>0x34b8</run_address>
         <size>0x2c</size>
         <input_file_ref idref="fl-2d"/>
      </object_component>
      <object_component id="oc-33e">
         <name>.debug_info</name>
         <load_address>0x34e4</load_address>
         <run_address>0x34e4</run_address>
         <size>0xcd</size>
         <input_file_ref idref="fl-2d"/>
      </object_component>
      <object_component id="oc-17b">
         <name>.debug_info</name>
         <load_address>0x35b1</load_address>
         <run_address>0x35b1</run_address>
         <size>0x175</size>
         <input_file_ref idref="fl-2e"/>
      </object_component>
      <object_component id="oc-fb">
         <name>.debug_info</name>
         <load_address>0x3726</load_address>
         <run_address>0x3726</run_address>
         <size>0x1d2</size>
         <input_file_ref idref="fl-2e"/>
      </object_component>
      <object_component id="oc-176">
         <name>.debug_info</name>
         <load_address>0x38f8</load_address>
         <run_address>0x38f8</run_address>
         <size>0x46</size>
         <input_file_ref idref="fl-2e"/>
      </object_component>
      <object_component id="oc-26f">
         <name>.debug_info</name>
         <load_address>0x393e</load_address>
         <run_address>0x393e</run_address>
         <size>0x193</size>
         <input_file_ref idref="fl-31"/>
      </object_component>
      <object_component id="oc-181">
         <name>.debug_info</name>
         <load_address>0x3ad1</load_address>
         <run_address>0x3ad1</run_address>
         <size>0x153</size>
         <input_file_ref idref="fl-32"/>
      </object_component>
      <object_component id="oc-2c9">
         <name>.debug_info</name>
         <load_address>0x3c24</load_address>
         <run_address>0x3c24</run_address>
         <size>0x150</size>
         <input_file_ref idref="fl-33"/>
      </object_component>
      <object_component id="oc-db">
         <name>.debug_info</name>
         <load_address>0x3d74</load_address>
         <run_address>0x3d74</run_address>
         <size>0x180</size>
         <input_file_ref idref="fl-34"/>
      </object_component>
      <object_component id="oc-3e">
         <name>.debug_info</name>
         <load_address>0x3ef4</load_address>
         <run_address>0x3ef4</run_address>
         <size>0x1ea</size>
         <input_file_ref idref="fl-34"/>
      </object_component>
      <object_component id="oc-d6">
         <name>.debug_info</name>
         <load_address>0x40de</load_address>
         <run_address>0x40de</run_address>
         <size>0x46</size>
         <input_file_ref idref="fl-34"/>
      </object_component>
      <object_component id="oc-147">
         <name>.debug_info</name>
         <load_address>0x4124</load_address>
         <run_address>0x4124</run_address>
         <size>0x2c</size>
         <input_file_ref idref="fl-34"/>
      </object_component>
      <object_component id="oc-13f">
         <name>.debug_info</name>
         <load_address>0x4150</load_address>
         <run_address>0x4150</run_address>
         <size>0x176</size>
         <input_file_ref idref="fl-35"/>
      </object_component>
      <object_component id="oc-35">
         <name>.debug_info</name>
         <load_address>0x42c6</load_address>
         <run_address>0x42c6</run_address>
         <size>0x292</size>
         <input_file_ref idref="fl-35"/>
      </object_component>
      <object_component id="oc-c5">
         <name>.debug_info</name>
         <load_address>0x4558</load_address>
         <run_address>0x4558</run_address>
         <size>0x60</size>
         <input_file_ref idref="fl-35"/>
      </object_component>
      <object_component id="oc-19f">
         <name>.debug_info</name>
         <load_address>0x45b8</load_address>
         <run_address>0x45b8</run_address>
         <size>0x46</size>
         <input_file_ref idref="fl-35"/>
      </object_component>
      <object_component id="oc-13a">
         <name>.debug_info</name>
         <load_address>0x45fe</load_address>
         <run_address>0x45fe</run_address>
         <size>0x39</size>
         <input_file_ref idref="fl-35"/>
      </object_component>
      <object_component id="oc-1db">
         <name>.debug_info</name>
         <load_address>0x4637</load_address>
         <run_address>0x4637</run_address>
         <size>0x1a2</size>
         <input_file_ref idref="fl-36"/>
      </object_component>
      <object_component id="oc-163">
         <name>.debug_info</name>
         <load_address>0x47d9</load_address>
         <run_address>0x47d9</run_address>
         <size>0x28a</size>
         <input_file_ref idref="fl-36"/>
      </object_component>
      <object_component id="oc-1cf">
         <name>.debug_info</name>
         <load_address>0x4a63</load_address>
         <run_address>0x4a63</run_address>
         <size>0x94</size>
         <input_file_ref idref="fl-36"/>
      </object_component>
      <object_component id="oc-168">
         <name>.debug_info</name>
         <load_address>0x4af7</load_address>
         <run_address>0x4af7</run_address>
         <size>0x171</size>
         <input_file_ref idref="fl-37"/>
      </object_component>
      <object_component id="oc-1df">
         <name>.debug_info</name>
         <load_address>0x4c68</load_address>
         <run_address>0x4c68</run_address>
         <size>0x1c0</size>
         <input_file_ref idref="fl-38"/>
      </object_component>
      <object_component id="oc-157">
         <name>.debug_info</name>
         <load_address>0x4e28</load_address>
         <run_address>0x4e28</run_address>
         <size>0x166</size>
         <input_file_ref idref="fl-39"/>
      </object_component>
      <object_component id="oc-259">
         <name>.debug_info</name>
         <load_address>0x4f8e</load_address>
         <run_address>0x4f8e</run_address>
         <size>0x16b</size>
         <input_file_ref idref="fl-3a"/>
      </object_component>
      <object_component id="oc-1bf">
         <name>.debug_info</name>
         <load_address>0x50f9</load_address>
         <run_address>0x50f9</run_address>
         <size>0x21b</size>
         <input_file_ref idref="fl-3a"/>
      </object_component>
      <object_component id="oc-284">
         <name>.debug_info</name>
         <load_address>0x5314</load_address>
         <run_address>0x5314</run_address>
         <size>0x172</size>
         <input_file_ref idref="fl-3b"/>
      </object_component>
      <object_component id="oc-1d6">
         <name>.debug_info</name>
         <load_address>0x5486</load_address>
         <run_address>0x5486</run_address>
         <size>0x5cf</size>
         <input_file_ref idref="fl-3b"/>
      </object_component>
      <object_component id="oc-1ce">
         <name>.debug_info</name>
         <load_address>0x5a55</load_address>
         <run_address>0x5a55</run_address>
         <size>0x197</size>
         <input_file_ref idref="fl-3c"/>
      </object_component>
      <object_component id="oc-15e">
         <name>.debug_info</name>
         <load_address>0x5bec</load_address>
         <run_address>0x5bec</run_address>
         <size>0x2d2</size>
         <input_file_ref idref="fl-3c"/>
      </object_component>
      <object_component id="oc-20a">
         <name>.debug_info</name>
         <load_address>0x5ebe</load_address>
         <run_address>0x5ebe</run_address>
         <size>0x122</size>
         <input_file_ref idref="fl-3d"/>
      </object_component>
      <object_component id="oc-141">
         <name>.debug_info</name>
         <load_address>0x5fe0</load_address>
         <run_address>0x5fe0</run_address>
         <size>0x181</size>
         <input_file_ref idref="fl-40"/>
      </object_component>
      <object_component id="oc-d0">
         <name>.debug_info</name>
         <load_address>0x6161</load_address>
         <run_address>0x6161</run_address>
         <size>0x17a</size>
         <input_file_ref idref="fl-40"/>
      </object_component>
      <object_component id="oc-313">
         <name>.debug_info</name>
         <load_address>0x62db</load_address>
         <run_address>0x62db</run_address>
         <size>0x439</size>
         <input_file_ref idref="fl-41"/>
      </object_component>
      <object_component id="oc-35f">
         <name>.debug_info</name>
         <load_address>0x6714</load_address>
         <run_address>0x6714</run_address>
         <size>0x2ff</size>
         <input_file_ref idref="fl-41"/>
      </object_component>
      <object_component id="oc-310">
         <name>.debug_info</name>
         <load_address>0x6a13</load_address>
         <run_address>0x6a13</run_address>
         <size>0x2dc</size>
         <input_file_ref idref="fl-41"/>
      </object_component>
      <object_component id="oc-2ab">
         <name>.debug_info</name>
         <load_address>0x6cef</load_address>
         <run_address>0x6cef</run_address>
         <size>0x33d</size>
         <input_file_ref idref="fl-41"/>
      </object_component>
      <object_component id="oc-319">
         <name>.debug_info</name>
         <load_address>0x702c</load_address>
         <run_address>0x702c</run_address>
         <size>0x86</size>
         <input_file_ref idref="fl-41"/>
      </object_component>
      <object_component id="oc-38b">
         <name>.debug_info</name>
         <load_address>0x70b2</load_address>
         <run_address>0x70b2</run_address>
         <size>0xa1</size>
         <input_file_ref idref="fl-41"/>
      </object_component>
      <object_component id="oc-36f">
         <name>.debug_info</name>
         <load_address>0x7153</load_address>
         <run_address>0x7153</run_address>
         <size>0x39</size>
         <input_file_ref idref="fl-41"/>
      </object_component>
      <object_component id="oc-39c">
         <name>.debug_info</name>
         <load_address>0x718c</load_address>
         <run_address>0x718c</run_address>
         <size>0x7a</size>
         <input_file_ref idref="fl-41"/>
      </object_component>
      <object_component id="oc-395">
         <name>.debug_info</name>
         <load_address>0x7206</load_address>
         <run_address>0x7206</run_address>
         <size>0x46</size>
         <input_file_ref idref="fl-41"/>
      </object_component>
      <object_component id="oc-1c4">
         <name>.debug_info</name>
         <load_address>0x724c</load_address>
         <run_address>0x724c</run_address>
         <size>0x120</size>
         <input_file_ref idref="fl-42"/>
      </object_component>
      <object_component id="oc-27b">
         <name>.debug_info</name>
         <load_address>0x736c</load_address>
         <run_address>0x736c</run_address>
         <size>0x126</size>
         <input_file_ref idref="fl-43"/>
      </object_component>
      <object_component id="oc-386">
         <name>.debug_info</name>
         <load_address>0x7492</load_address>
         <run_address>0x7492</run_address>
         <size>0x121</size>
         <input_file_ref idref="fl-44"/>
      </object_component>
      <object_component id="oc-250">
         <name>.debug_info</name>
         <load_address>0x75b3</load_address>
         <run_address>0x75b3</run_address>
         <size>0x126</size>
         <input_file_ref idref="fl-46"/>
      </object_component>
      <object_component id="oc-288">
         <name>.debug_info</name>
         <load_address>0x76d9</load_address>
         <run_address>0x76d9</run_address>
         <size>0x120</size>
         <input_file_ref idref="fl-47"/>
      </object_component>
      <object_component id="oc-254">
         <name>.debug_info</name>
         <load_address>0x77f9</load_address>
         <run_address>0x77f9</run_address>
         <size>0x126</size>
         <input_file_ref idref="fl-47"/>
      </object_component>
      <object_component id="oc-280">
         <name>.debug_info</name>
         <load_address>0x791f</load_address>
         <run_address>0x791f</run_address>
         <size>0x121</size>
         <input_file_ref idref="fl-48"/>
      </object_component>
      <object_component id="oc-275">
         <name>.debug_info</name>
         <load_address>0x7a40</load_address>
         <run_address>0x7a40</run_address>
         <size>0x121</size>
         <input_file_ref idref="fl-49"/>
      </object_component>
      <object_component id="oc-1c8">
         <name>.debug_info</name>
         <load_address>0x7b61</load_address>
         <run_address>0x7b61</run_address>
         <size>0x239</size>
         <input_file_ref idref="fl-4d"/>
      </object_component>
      <object_component id="oc-391">
         <name>.debug_info</name>
         <load_address>0x7d9a</load_address>
         <run_address>0x7d9a</run_address>
         <size>0x17f</size>
         <input_file_ref idref="fl-53"/>
      </object_component>
      <object_component id="oc-363">
         <name>.debug_info</name>
         <load_address>0x7f19</load_address>
         <run_address>0x7f19</run_address>
         <size>0x1b8</size>
         <input_file_ref idref="fl-53"/>
      </object_component>
      <object_component id="oc-384">
         <name>.debug_info</name>
         <load_address>0x80d1</load_address>
         <run_address>0x80d1</run_address>
         <size>0x16d</size>
         <input_file_ref idref="fl-54"/>
      </object_component>
      <object_component id="oc-357">
         <name>.debug_info</name>
         <load_address>0x823e</load_address>
         <run_address>0x823e</run_address>
         <size>0x275</size>
         <input_file_ref idref="fl-54"/>
      </object_component>
      <object_component id="oc-353">
         <name>.debug_info</name>
         <load_address>0x84b3</load_address>
         <run_address>0x84b3</run_address>
         <size>0x162</size>
         <input_file_ref idref="fl-56"/>
      </object_component>
      <object_component id="oc-309">
         <name>.debug_info</name>
         <load_address>0x8615</load_address>
         <run_address>0x8615</run_address>
         <size>0x230</size>
         <input_file_ref idref="fl-56"/>
      </object_component>
      <object_component id="oc-267">
         <name>.debug_info</name>
         <load_address>0x8845</load_address>
         <run_address>0x8845</run_address>
         <size>0x139</size>
         <input_file_ref idref="fl-5e"/>
      </object_component>
      <object_component id="oc-264">
         <name>.debug_info</name>
         <load_address>0x897e</load_address>
         <run_address>0x897e</run_address>
         <size>0x20b</size>
         <input_file_ref idref="fl-5f"/>
      </object_component>
      <object_component id="oc-25c">
         <name>.debug_info</name>
         <load_address>0x8b89</load_address>
         <run_address>0x8b89</run_address>
         <size>0x193</size>
         <input_file_ref idref="fl-60"/>
      </object_component>
      <object_component id="oc-2f0">
         <name>.debug_info</name>
         <load_address>0x8d1c</load_address>
         <run_address>0x8d1c</run_address>
         <size>0x125</size>
         <input_file_ref idref="fl-63"/>
      </object_component>
      <object_component id="oc-3e5">
         <name>.debug_info</name>
         <load_address>0x8e41</load_address>
         <run_address>0x8e41</run_address>
         <size>0x9a</size>
      </object_component>
      <object_component id="oc-2e8">
         <name>.debug_line</name>
         <load_address>0x0</load_address>
         <run_address>0x0</run_address>
         <size>0x6b</size>
         <input_file_ref idref="fl-2"/>
      </object_component>
      <object_component id="oc-1e4">
         <name>.debug_line</name>
         <load_address>0x6b</load_address>
         <run_address>0x6b</run_address>
         <size>0x30</size>
         <input_file_ref idref="fl-2"/>
      </object_component>
      <object_component id="oc-321">
         <name>.debug_line</name>
         <load_address>0x9b</load_address>
         <run_address>0x9b</run_address>
         <size>0x30</size>
         <input_file_ref idref="fl-2"/>
      </object_component>
      <object_component id="oc-1f2">
         <name>.debug_line</name>
         <load_address>0xcb</load_address>
         <run_address>0xcb</run_address>
         <size>0x43</size>
         <input_file_ref idref="fl-2"/>
      </object_component>
      <object_component id="oc-350">
         <name>.debug_line</name>
         <load_address>0x10e</load_address>
         <run_address>0x10e</run_address>
         <size>0x46</size>
         <input_file_ref idref="fl-2"/>
      </object_component>
      <object_component id="oc-291">
         <name>.debug_line</name>
         <load_address>0x154</load_address>
         <run_address>0x154</run_address>
         <size>0x49</size>
         <input_file_ref idref="fl-2"/>
      </object_component>
      <object_component id="oc-301">
         <name>.debug_line</name>
         <load_address>0x19d</load_address>
         <run_address>0x19d</run_address>
         <size>0x48</size>
         <input_file_ref idref="fl-2"/>
      </object_component>
      <object_component id="oc-297">
         <name>.debug_line</name>
         <load_address>0x1e5</load_address>
         <run_address>0x1e5</run_address>
         <size>0x4d</size>
         <input_file_ref idref="fl-2"/>
      </object_component>
      <object_component id="oc-200">
         <name>.debug_line</name>
         <load_address>0x232</load_address>
         <run_address>0x232</run_address>
         <size>0x4a</size>
         <input_file_ref idref="fl-2"/>
      </object_component>
      <object_component id="oc-206">
         <name>.debug_line</name>
         <load_address>0x27c</load_address>
         <run_address>0x27c</run_address>
         <size>0x4a</size>
         <input_file_ref idref="fl-2"/>
      </object_component>
      <object_component id="oc-1ec">
         <name>.debug_line</name>
         <load_address>0x2c6</load_address>
         <run_address>0x2c6</run_address>
         <size>0x62</size>
         <input_file_ref idref="fl-2"/>
      </object_component>
      <object_component id="oc-f1">
         <name>.debug_line</name>
         <load_address>0x328</load_address>
         <run_address>0x328</run_address>
         <size>0x49</size>
         <input_file_ref idref="fl-2"/>
      </object_component>
      <object_component id="oc-1ad">
         <name>.debug_line</name>
         <load_address>0x371</load_address>
         <run_address>0x371</run_address>
         <size>0x72</size>
         <input_file_ref idref="fl-2"/>
      </object_component>
      <object_component id="oc-cd">
         <name>.debug_line</name>
         <load_address>0x3e3</load_address>
         <run_address>0x3e3</run_address>
         <size>0x20</size>
         <input_file_ref idref="fl-2"/>
      </object_component>
      <object_component id="oc-24b">
         <name>.debug_line</name>
         <load_address>0x403</load_address>
         <run_address>0x403</run_address>
         <size>0x76</size>
         <input_file_ref idref="fl-2"/>
      </object_component>
      <object_component id="oc-1b7">
         <name>.debug_line</name>
         <load_address>0x479</load_address>
         <run_address>0x479</run_address>
         <size>0x73</size>
         <input_file_ref idref="fl-2"/>
      </object_component>
      <object_component id="oc-1a9">
         <name>.debug_line</name>
         <load_address>0x4ec</load_address>
         <run_address>0x4ec</run_address>
         <size>0xc5</size>
         <input_file_ref idref="fl-3"/>
      </object_component>
      <object_component id="oc-1ba">
         <name>.debug_line</name>
         <load_address>0x5b1</load_address>
         <run_address>0x5b1</run_address>
         <size>0x2d</size>
         <input_file_ref idref="fl-3"/>
      </object_component>
      <object_component id="oc-f7">
         <name>.debug_line</name>
         <load_address>0x5de</load_address>
         <run_address>0x5de</run_address>
         <size>0x41</size>
         <input_file_ref idref="fl-3"/>
      </object_component>
      <object_component id="oc-187">
         <name>.debug_line</name>
         <load_address>0x61f</load_address>
         <run_address>0x61f</run_address>
         <size>0x73</size>
         <input_file_ref idref="fl-3"/>
      </object_component>
      <object_component id="oc-eb">
         <name>.debug_line</name>
         <load_address>0x692</load_address>
         <run_address>0x692</run_address>
         <size>0x44</size>
         <input_file_ref idref="fl-3"/>
      </object_component>
      <object_component id="oc-e5">
         <name>.debug_line</name>
         <load_address>0x6d6</load_address>
         <run_address>0x6d6</run_address>
         <size>0x4d</size>
         <input_file_ref idref="fl-3"/>
      </object_component>
      <object_component id="oc-145">
         <name>.debug_line</name>
         <load_address>0x723</load_address>
         <run_address>0x723</run_address>
         <size>0x6e</size>
         <input_file_ref idref="fl-3"/>
      </object_component>
      <object_component id="oc-317">
         <name>.debug_line</name>
         <load_address>0x791</load_address>
         <run_address>0x791</run_address>
         <size>0x6e</size>
         <input_file_ref idref="fl-3"/>
      </object_component>
      <object_component id="oc-1b2">
         <name>.debug_line</name>
         <load_address>0x7ff</load_address>
         <run_address>0x7ff</run_address>
         <size>0x77</size>
         <input_file_ref idref="fl-3"/>
      </object_component>
      <object_component id="oc-31f">
         <name>.debug_line</name>
         <load_address>0x876</load_address>
         <run_address>0x876</run_address>
         <size>0x2d</size>
         <input_file_ref idref="fl-1e"/>
      </object_component>
      <object_component id="oc-1f8">
         <name>.debug_line</name>
         <load_address>0x8a3</load_address>
         <run_address>0x8a3</run_address>
         <size>0x47</size>
         <input_file_ref idref="fl-1e"/>
      </object_component>
      <object_component id="oc-2a0">
         <name>.debug_line</name>
         <load_address>0x8ea</load_address>
         <run_address>0x8ea</run_address>
         <size>0x42</size>
         <input_file_ref idref="fl-1e"/>
      </object_component>
      <object_component id="oc-2a3">
         <name>.debug_line</name>
         <load_address>0x92c</load_address>
         <run_address>0x92c</run_address>
         <size>0x3d</size>
         <input_file_ref idref="fl-1e"/>
      </object_component>
      <object_component id="oc-36d">
         <name>.debug_line</name>
         <load_address>0x969</load_address>
         <run_address>0x969</run_address>
         <size>0x91</size>
         <input_file_ref idref="fl-1e"/>
      </object_component>
      <object_component id="oc-c0">
         <name>.debug_line</name>
         <load_address>0x9fa</load_address>
         <run_address>0x9fa</run_address>
         <size>0x40</size>
         <input_file_ref idref="fl-1f"/>
      </object_component>
      <object_component id="oc-e0">
         <name>.debug_line</name>
         <load_address>0xa3a</load_address>
         <run_address>0xa3a</run_address>
         <size>0x3d</size>
         <input_file_ref idref="fl-29"/>
      </object_component>
      <object_component id="oc-b9">
         <name>.debug_line</name>
         <load_address>0xa77</load_address>
         <run_address>0xa77</run_address>
         <size>0x4e</size>
         <input_file_ref idref="fl-2a"/>
      </object_component>
      <object_component id="oc-bc">
         <name>.debug_line</name>
         <load_address>0xac5</load_address>
         <run_address>0xac5</run_address>
         <size>0x5e</size>
         <input_file_ref idref="fl-2b"/>
      </object_component>
      <object_component id="oc-136">
         <name>.debug_line</name>
         <load_address>0xb23</load_address>
         <run_address>0xb23</run_address>
         <size>0x2a</size>
         <input_file_ref idref="fl-2c"/>
      </object_component>
      <object_component id="oc-10c">
         <name>.debug_line</name>
         <load_address>0xb4d</load_address>
         <run_address>0xb4d</run_address>
         <size>0x46</size>
         <input_file_ref idref="fl-2c"/>
      </object_component>
      <object_component id="oc-338">
         <name>.debug_line</name>
         <load_address>0xb93</load_address>
         <run_address>0xb93</run_address>
         <size>0xbf</size>
         <input_file_ref idref="fl-2d"/>
      </object_component>
      <object_component id="oc-219">
         <name>.debug_line</name>
         <load_address>0xc52</load_address>
         <run_address>0xc52</run_address>
         <size>0x76</size>
         <input_file_ref idref="fl-2d"/>
      </object_component>
      <object_component id="oc-33c">
         <name>.debug_line</name>
         <load_address>0xcc8</load_address>
         <run_address>0xcc8</run_address>
         <size>0x2e</size>
         <input_file_ref idref="fl-2d"/>
      </object_component>
      <object_component id="oc-348">
         <name>.debug_line</name>
         <load_address>0xcf6</load_address>
         <run_address>0xcf6</run_address>
         <size>0x9a</size>
         <input_file_ref idref="fl-2d"/>
      </object_component>
      <object_component id="oc-2db">
         <name>.debug_line</name>
         <load_address>0xd90</load_address>
         <run_address>0xd90</run_address>
         <size>0x97</size>
         <input_file_ref idref="fl-2d"/>
      </object_component>
      <object_component id="oc-341">
         <name>.debug_line</name>
         <load_address>0xe27</load_address>
         <run_address>0xe27</run_address>
         <size>0x93</size>
         <input_file_ref idref="fl-2d"/>
      </object_component>
      <object_component id="oc-1e6">
         <name>.debug_line</name>
         <load_address>0xeba</load_address>
         <run_address>0xeba</run_address>
         <size>0x20</size>
         <input_file_ref idref="fl-2e"/>
      </object_component>
      <object_component id="oc-fa">
         <name>.debug_line</name>
         <load_address>0xeda</load_address>
         <run_address>0xeda</run_address>
         <size>0x4f</size>
         <input_file_ref idref="fl-2e"/>
      </object_component>
      <object_component id="oc-179">
         <name>.debug_line</name>
         <load_address>0xf29</load_address>
         <run_address>0xf29</run_address>
         <size>0x34</size>
         <input_file_ref idref="fl-2e"/>
      </object_component>
      <object_component id="oc-26e">
         <name>.debug_line</name>
         <load_address>0xf5d</load_address>
         <run_address>0xf5d</run_address>
         <size>0x53</size>
         <input_file_ref idref="fl-31"/>
      </object_component>
      <object_component id="oc-17f">
         <name>.debug_line</name>
         <load_address>0xfb0</load_address>
         <run_address>0xfb0</run_address>
         <size>0x3e</size>
         <input_file_ref idref="fl-32"/>
      </object_component>
      <object_component id="oc-2c8">
         <name>.debug_line</name>
         <load_address>0xfee</load_address>
         <run_address>0xfee</run_address>
         <size>0x3a</size>
         <input_file_ref idref="fl-33"/>
      </object_component>
      <object_component id="oc-14d">
         <name>.debug_line</name>
         <load_address>0x1028</load_address>
         <run_address>0x1028</run_address>
         <size>0x20</size>
         <input_file_ref idref="fl-34"/>
      </object_component>
      <object_component id="oc-3c">
         <name>.debug_line</name>
         <load_address>0x1048</load_address>
         <run_address>0x1048</run_address>
         <size>0x50</size>
         <input_file_ref idref="fl-34"/>
      </object_component>
      <object_component id="oc-d9">
         <name>.debug_line</name>
         <load_address>0x1098</load_address>
         <run_address>0x1098</run_address>
         <size>0x3a</size>
         <input_file_ref idref="fl-34"/>
      </object_component>
      <object_component id="oc-14a">
         <name>.debug_line</name>
         <load_address>0x10d2</load_address>
         <run_address>0x10d2</run_address>
         <size>0x92</size>
[...]
      <symbol id="sm-1c6">
         <name>__mspabi_slli_14</name>
         <value>0xd578</value>
         <object_component_ref idref="oc-b5"/>
      </symbol>
      <symbol id="sm-1c7">
         <name>__mspabi_slli_13</name>
         <value>0xd57a</value>
         <object_component_ref idref="oc-b5"/>
      </symbol>
      <symbol id="sm-1c8">
         <name>__mspabi_slli_12</name>
         <value>0xd57c</value>
         <object_component_ref idref="oc-b5"/>
      </symbol>
      <symbol id="sm-1c9">
         <name>__mspabi_slli_11</name>
         <value>0xd57e</value>
         <object_component_ref idref="oc-b5"/>
      </symbol>
      <symbol id="sm-1ca">
         <name>__mspabi_slli_10</name>
         <value>0xd580</value>
         <object_component_ref idref="oc-b5"/>
      </symbol>
      <symbol id="sm-1d2">
         <name>__mspabi_srli_8</name>
         <value>0xd352</value>
         <object_component_ref idref="oc-ba"/>
      </symbol>
      <symbol id="sm-1d3">
         <name>__mspabi_srli_9</name>
         <value>0xd34e</value>
         <object_component_ref idref="oc-ba"/>
      </symbol>
      <symbol id="sm-1d4">
         <name>__mspabi_srli_6</name>
         <value>0xd35a</value>
         <object_component_ref idref="oc-ba"/>
      </symbol>
      <symbol id="sm-1d5">
         <name>__mspabi_srli_7</name>
         <value>0xd356</value>
         <object_component_ref idref="oc-ba"/>
      </symbol>
      <symbol id="sm-1d6">
         <name>__mspabi_srli_4</name>
         <value>0xd362</value>
         <object_component_ref idref="oc-ba"/>
      </symbol>
      <symbol id="sm-1d7">
         <name>__mspabi_srli_5</name>
         <value>0xd35e</value>
         <object_component_ref idref="oc-ba"/>
      </symbol>
      <symbol id="sm-1d8">
         <name>__mspabi_srli_2</name>
         <value>0xd36a</value>
         <object_component_ref idref="oc-ba"/>
      </symbol>
      <symbol id="sm-1d9">
         <name>__mspabi_srli_3</name>
         <value>0xd366</value>
         <object_component_ref idref="oc-ba"/>
      </symbol>
      <symbol id="sm-1da">
         <name>__mspabi_srli_1</name>
         <value>0xd36e</value>
         <object_component_ref idref="oc-ba"/>
      </symbol>
      <symbol id="sm-1db">
         <name>__mspabi_srli</name>
         <value>0xd328</value>
         <object_component_ref idref="oc-ba"/>
      </symbol>
      <symbol id="sm-1dc">
         <name>__mspabi_srli_15</name>
         <value>0xd336</value>
         <object_component_ref idref="oc-ba"/>
      </symbol>
      <symbol id="sm-1dd">
         <name>__mspabi_srli_14</name>
         <value>0xd33a</value>
         <object_component_ref idref="oc-ba"/>
      </symbol>
      <symbol id="sm-1de">
         <name>__mspabi_srli_13</name>
         <value>0xd33e</value>
         <object_component_ref idref="oc-ba"/>
      </symbol>
      <symbol id="sm-1df">
         <name>__mspabi_srli_12</name>
         <value>0xd342</value>
         <object_component_ref idref="oc-ba"/>
      </symbol>
      <symbol id="sm-1e0">
         <name>__mspabi_srli_11</name>
         <value>0xd346</value>
         <object_component_ref idref="oc-ba"/>
      </symbol>
      <symbol id="sm-1e1">
         <name>__mspabi_srli_10</name>
         <value>0xd34a</value>
         <object_component_ref idref="oc-ba"/>
      </symbol>
      <symbol id="sm-1f1">
         <name>_stack</name>
         <value>0x3b0</value>
         <object_component_ref idref="oc-b1"/>
      </symbol>
      <symbol id="sm-1f2">
         <name>_c_int00_noargs</name>
         <value>0xd68c</value>
         <object_component_ref idref="oc-10b"/>
      </symbol>
      <symbol id="sm-1f3">
         <name>_reset_vector</name>
         <value>0xfffe</value>
         <object_component_ref idref="oc-b4"/>
      </symbol>
      <symbol id="sm-215">
         <name>__TI_auto_init_nobinit_nopinit</name>
         <value>0xd448</value>
         <object_component_ref idref="oc-215"/>
      </symbol>
      <symbol id="sm-228">
         <name>__TI_zero_init_nomemset</name>
         <value>0xd71c</value>
         <object_component_ref idref="oc-f9"/>
      </symbol>
      <symbol id="sm-237">
         <name>__mspabi_srlll</name>
         <value>0xd3be</value>
         <object_component_ref idref="oc-26b"/>
      </symbol>
      <symbol id="sm-240">
         <name>_system_pre_init</name>
         <value>0xd806</value>
         <object_component_ref idref="oc-17d"/>
      </symbol>
      <symbol id="sm-249">
         <name>_system_post_cinit</name>
         <value>0xd80a</value>
         <object_component_ref idref="oc-2c6"/>
      </symbol>
      <symbol id="sm-25f">
         <name>__TI_decompress_none</name>
         <value>0xd77e</value>
         <object_component_ref idref="oc-3a"/>
      </symbol>
      <symbol id="sm-282">
         <name>__TI_decompress_lzss</name>
         <value>0xd1de</value>
         <object_component_ref idref="oc-34"/>
      </symbol>
      <symbol id="sm-2a8">
         <name>__mspabi_divd</name>
         <value>0xc738</value>
         <object_component_ref idref="oc-161"/>
      </symbol>
      <symbol id="sm-2b5">
         <name>__mspabi_fixdi</name>
         <value>0xd596</value>
         <object_component_ref idref="oc-167"/>
      </symbol>
      <symbol id="sm-2c4">
         <name>__mspabi_fixdli</name>
         <value>0xd25a</value>
         <object_component_ref idref="oc-1dc"/>
      </symbol>
      <symbol id="sm-2cd">
         <name>__mspabi_fltid</name>
         <value>0xd7d2</value>
         <object_component_ref idref="oc-155"/>
      </symbol>
      <symbol id="sm-2e4">
         <name>__mspabi_fltlid</name>
         <value>0xd094</value>
         <object_component_ref idref="oc-1bb"/>
      </symbol>
      <symbol id="sm-2ff">
         <name>__TI_frcdivd</name>
         <value>0xc000</value>
         <object_component_ref idref="oc-1d4"/>
      </symbol>
      <symbol id="sm-325">
         <name>__mspabi_mpyd</name>
         <value>0xc478</value>
         <object_component_ref idref="oc-15b"/>
      </symbol>
      <symbol id="sm-32f">
         <name>C$$EXIT</name>
         <value>0xd7fa</value>
         <object_component_ref idref="oc-209"/>
      </symbol>
      <symbol id="sm-330">
         <name>abort</name>
         <value>0xd7fa</value>
         <object_component_ref idref="oc-209"/>
      </symbol>
      <symbol id="sm-340">
         <name>memcpy</name>
         <value>0xd7a2</value>
         <object_component_ref idref="oc-cf"/>
      </symbol>
      <symbol id="sm-399">
         <name>__TI_printfi_minimal</name>
         <value>0xce28</value>
         <object_component_ref idref="oc-2a7"/>
      </symbol>
      <symbol id="sm-3a1">
         <name>__mspabi_srai</name>
         <value>0xd53e</value>
         <object_component_ref idref="oc-1c2"/>
      </symbol>
      <symbol id="sm-3a2">
         <name>__mspabi_srai_8</name>
         <value>0xd558</value>
         <object_component_ref idref="oc-1c2"/>
      </symbol>
      <symbol id="sm-3a3">
         <name>__mspabi_srai_9</name>
         <value>0xd556</value>
         <object_component_ref idref="oc-1c2"/>
      </symbol>
      <symbol id="sm-3a4">
         <name>__mspabi_srai_6</name>
         <value>0xd55c</value>
         <object_component_ref idref="oc-1c2"/>
      </symbol>
      <symbol id="sm-3a5">
         <name>__mspabi_srai_7</name>
         <value>0xd55a</value>
         <object_component_ref idref="oc-1c2"/>
      </symbol>
      <symbol id="sm-3a6">
         <name>__mspabi_srai_4</name>
         <value>0xd560</value>
         <object_component_ref idref="oc-1c2"/>
      </symbol>
      <symbol id="sm-3a7">
         <name>__mspabi_srai_5</name>
         <value>0xd55e</value>
         <object_component_ref idref="oc-1c2"/>
      </symbol>
      <symbol id="sm-3a8">
         <name>__mspabi_srai_2</name>
         <value>0xd564</value>
         <object_component_ref idref="oc-1c2"/>
      </symbol>
      <symbol id="sm-3a9">
         <name>__mspabi_srai_3</name>
         <value>0xd562</value>
         <object_component_ref idref="oc-1c2"/>
      </symbol>
      <symbol id="sm-3aa">
         <name>__mspabi_srai_1</name>
         <value>0xd566</value>
         <object_component_ref idref="oc-1c2"/>
      </symbol>
      <symbol id="sm-3ab">
         <name>__mspabi_srai_15</name>
         <value>0xd54a</value>
         <object_component_ref idref="oc-1c2"/>
      </symbol>
      <symbol id="sm-3ac">
         <name>__mspabi_srai_14</name>
         <value>0xd54c</value>
         <object_component_ref idref="oc-1c2"/>
      </symbol>
      <symbol id="sm-3ad">
         <name>__mspabi_srai_13</name>
         <value>0xd54e</value>
         <object_component_ref idref="oc-1c2"/>
      </symbol>
      <symbol id="sm-3ae">
         <name>__mspabi_srai_12</name>
         <value>0xd550</value>
         <object_component_ref idref="oc-1c2"/>
      </symbol>
      <symbol id="sm-3af">
         <name>__mspabi_srai_11</name>
         <value>0xd552</value>
         <object_component_ref idref="oc-1c2"/>
      </symbol>
      <symbol id="sm-3b0">
         <name>__mspabi_srai_10</name>
         <value>0xd554</value>
         <object_component_ref idref="oc-1c2"/>
      </symbol>
      <symbol id="sm-3b8">
         <name>__mspabi_sral_15</name>
         <value>0xd48a</value>
         <object_component_ref idref="oc-279"/>
      </symbol>
      <symbol id="sm-3b9">
         <name>__mspabi_sral_14</name>
         <value>0xd48e</value>
         <object_component_ref idref="oc-279"/>
      </symbol>
      <symbol id="sm-3ba">
         <name>__mspabi_sral_13</name>
         <value>0xd492</value>
         <object_component_ref idref="oc-279"/>
      </symbol>
      <symbol id="sm-3bb">
         <name>__mspabi_sral_12</name>
         <value>0xd496</value>
         <object_component_ref idref="oc-279"/>
      </symbol>
      <symbol id="sm-3bc">
         <name>__mspabi_sral_11</name>
         <value>0xd49a</value>
         <object_component_ref idref="oc-279"/>
      </symbol>
      <symbol id="sm-3bd">
         <name>__mspabi_sral_10</name>
         <value>0xd49e</value>
         <object_component_ref idref="oc-279"/>
      </symbol>
      <symbol id="sm-3be">
         <name>__mspabi_sral_8</name>
         <value>0xd4a6</value>
         <object_component_ref idref="oc-279"/>
      </symbol>
      <symbol id="sm-3bf">
         <name>__mspabi_sral_9</name>
         <value>0xd4a2</value>
         <object_component_ref idref="oc-279"/>
      </symbol>
      <symbol id="sm-3c0">
         <name>__mspabi_sral_6</name>
         <value>0xd4ae</value>
         <object_component_ref idref="oc-279"/>
      </symbol>
      <symbol id="sm-3c1">
         <name>__mspabi_sral_7</name>
         <value>0xd4aa</value>
         <object_component_ref idref="oc-279"/>
      </symbol>
      <symbol id="sm-3c2">
         <name>__mspabi_sral_4</name>
         <value>0xd4b6</value>
         <object_component_ref idref="oc-279"/>
      </symbol>
      <symbol id="sm-3c3">
         <name>__mspabi_sral_5</name>
         <value>0xd4b2</value>
         <object_component_ref idref="oc-279"/>
      </symbol>
      <symbol id="sm-3c4">
         <name>__mspabi_sral_2</name>
         <value>0xd4be</value>
         <object_component_ref idref="oc-279"/>
      </symbol>
      <symbol id="sm-3c5">
         <name>__mspabi_sral_3</name>
         <value>0xd4ba</value>
         <object_component_ref idref="oc-279"/>
      </symbol>
      <symbol id="sm-3c6">
         <name>__mspabi_sral_1</name>
         <value>0xd4c2</value>
         <object_component_ref idref="oc-279"/>
      </symbol>
      <symbol id="sm-3d0">
         <name>__mspabi_remu</name>
         <value>0xd6f2</value>
         <object_component_ref idref="oc-385"/>
      </symbol>
      <symbol id="sm-3d1">
         <name>__mspabi_divu</name>
         <value>0xd6f2</value>
         <object_component_ref idref="oc-385"/>
      </symbol>
      <symbol id="sm-3da">
         <name>__mspabi_slll_9</name>
         <value>0xd4e0</value>
         <object_component_ref idref="oc-24e"/>
      </symbol>
      <symbol id="sm-3db">
         <name>__mspabi_slll_8</name>
         <value>0xd4e4</value>
         <object_component_ref idref="oc-24e"/>
      </symbol>
      <symbol id="sm-3dc">
         <name>__mspabi_slll_7</name>
         <value>0xd4e8</value>
         <object_component_ref idref="oc-24e"/>
      </symbol>
      <symbol id="sm-3dd">
         <name>__mspabi_slll_6</name>
         <value>0xd4ec</value>
         <object_component_ref idref="oc-24e"/>
      </symbol>
      <symbol id="sm-3de">
         <name>__mspabi_slll_5</name>
         <value>0xd4f0</value>
         <object_component_ref idref="oc-24e"/>
      </symbol>
      <symbol id="sm-3df">
         <name>__mspabi_slll_4</name>
         <value>0xd4f4</value>
         <object_component_ref idref="oc-24e"/>
      </symbol>
      <symbol id="sm-3e0">
         <name>__mspabi_slll_3</name>
         <value>0xd4f8</value>
         <object_component_ref idref="oc-24e"/>
      </symbol>
      <symbol id="sm-3e1">
         <name>__mspabi_slll_2</name>
         <value>0xd4fc</value>
         <object_component_ref idref="oc-24e"/>
      </symbol>
      <symbol id="sm-3e2">
         <name>__mspabi_slll_1</name>
         <value>0xd500</value>
         <object_component_ref idref="oc-24e"/>
      </symbol>
      <symbol id="sm-3e3">
         <name>__mspabi_slll_15</name>
         <value>0xd4c8</value>
         <object_component_ref idref="oc-24e"/>
      </symbol>
      <symbol id="sm-3e4">
         <name>__mspabi_slll_14</name>
         <value>0xd4cc</value>
         <object_component_ref idref="oc-24e"/>
      </symbol>
      <symbol id="sm-3e5">
         <name>__mspabi_slll_13</name>
         <value>0xd4d0</value>
         <object_component_ref idref="oc-24e"/>
      </symbol>
      <symbol id="sm-3e6">
         <name>__mspabi_slll_12</name>
         <value>0xd4d4</value>
         <object_component_ref idref="oc-24e"/>
      </symbol>
      <symbol id="sm-3e7">
         <name>__mspabi_slll_11</name>
         <value>0xd4d8</value>
         <object_component_ref idref="oc-24e"/>
      </symbol>
      <symbol id="sm-3e8">
         <name>__mspabi_slll_10</name>
         <value>0xd4dc</value>
         <object_component_ref idref="oc-24e"/>
      </symbol>
      <symbol id="sm-3f8">
         <name>__mspabi_srll_8</name>
         <value>0xd2f6</value>
         <object_component_ref idref="oc-253"/>
      </symbol>
      <symbol id="sm-3f9">
         <name>__mspabi_srll_9</name>
         <value>0xd2f0</value>
         <object_component_ref idref="oc-253"/>
      </symbol>
      <symbol id="sm-3fa">
         <name>__mspabi_srll_6</name>
         <value>0xd302</value>
         <object_component_ref idref="oc-253"/>
      </symbol>
      <symbol id="sm-3fb">
         <name>__mspabi_srll_7</name>
         <value>0xd2fc</value>
         <object_component_ref idref="oc-253"/>
      </symbol>
      <symbol id="sm-3fc">
         <name>__mspabi_srll_4</name>
         <value>0xd30e</value>
         <object_component_ref idref="oc-253"/>
      </symbol>
      <symbol id="sm-3fd">
         <name>__mspabi_srll_5</name>
         <value>0xd308</value>
         <object_component_ref idref="oc-253"/>
      </symbol>
      <symbol id="sm-3fe">
         <name>__mspabi_srll_2</name>
         <value>0xd31a</value>
         <object_component_ref idref="oc-253"/>
      </symbol>
      <symbol id="sm-3ff">
         <name>__mspabi_srll_3</name>
         <value>0xd314</value>
         <object_component_ref idref="oc-253"/>
      </symbol>
      <symbol id="sm-400">
         <name>__mspabi_srll_1</name>
         <value>0xd320</value>
         <object_component_ref idref="oc-253"/>
      </symbol>
      <symbol id="sm-401">
         <name>__mspabi_srll_15</name>
         <value>0xd2cc</value>
         <object_component_ref idref="oc-253"/>
      </symbol>
      <symbol id="sm-402">
         <name>__mspabi_srll_14</name>
         <value>0xd2d2</value>
         <object_component_ref idref="oc-253"/>
      </symbol>
      <symbol id="sm-403">
         <name>__mspabi_srll_13</name>
         <value>0xd2d8</value>
         <object_component_ref idref="oc-253"/>
      </symbol>
      <symbol id="sm-404">
         <name>__mspabi_srll_12</name>
         <value>0xd2de</value>
         <object_component_ref idref="oc-253"/>
      </symbol>
      <symbol id="sm-405">
         <name>__mspabi_srll_11</name>
         <value>0xd2e4</value>
         <object_component_ref idref="oc-253"/>
      </symbol>
      <symbol id="sm-406">
         <name>__mspabi_srll_10</name>
         <value>0xd2ea</value>
         <object_component_ref idref="oc-253"/>
      </symbol>
      <symbol id="sm-407">
         <name>__mspabi_srll</name>
         <value>0xd790</value>
         <object_component_ref idref="oc-287"/>
      </symbol>
      <symbol id="sm-411">
         <name>__mspabi_mpyi_sw</name>
         <value>0xd744</value>
         <object_component_ref idref="oc-27e"/>
      </symbol>
      <symbol id="sm-412">
         <name>__mspabi_mpyi</name>
         <value>0xd744</value>
         <object_component_ref idref="oc-27e"/>
      </symbol>
      <symbol id="sm-41c">
         <name>__mspabi_mpyl_sw</name>
         <value>0xd5e6</value>
         <object_component_ref idref="oc-274"/>
      </symbol>
      <symbol id="sm-41d">
         <name>__mspabi_mpyl</name>
         <value>0xd5e6</value>
         <object_component_ref idref="oc-274"/>
      </symbol>
      <symbol id="sm-42b">
         <name>__TI_frcmpyd</name>
         <value>0xc970</value>
         <object_component_ref idref="oc-1c7"/>
      </symbol>
      <symbol id="sm-43f">
         <name>memccpy</name>
         <value>0xd62e</value>
         <object_component_ref idref="oc-361"/>
      </symbol>
      <symbol id="sm-44d">
         <name>memset</name>
         <value>0xd730</value>
         <object_component_ref idref="oc-354"/>
      </symbol>
      <symbol id="sm-45b">
         <name>strlen</name>
         <value>0xd7c4</value>
         <object_component_ref idref="oc-306"/>
      </symbol>
      <symbol id="sm-46a">
         <name>__mspabi_mpyull_sw</name>
         <value>0xd650</value>
         <object_component_ref idref="oc-266"/>
      </symbol>
      <symbol id="sm-46b">
         <name>__mspabi_mpyull</name>
         <value>0xd650</value>
         <object_component_ref idref="oc-266"/>
      </symbol>
      <symbol id="sm-473">
         <name>__mspabi_mpyll</name>
         <value>0xcd14</value>
         <object_component_ref idref="oc-261"/>
      </symbol>
      <symbol id="sm-474">
         <name>__mspabi_mpyll_sw</name>
         <value>0xcd14</value>
         <object_component_ref idref="oc-261"/>
      </symbol>
      <symbol id="sm-481">
         <name>__mspabi_sllll</name>
         <value>0xd404</value>
         <object_component_ref idref="oc-25b"/>
      </symbol>
      <symbol id="sm-48e">
         <name>__mspabi_mpyul_sw</name>
         <value>0xd60c</value>
         <object_component_ref idref="oc-2ee"/>
      </symbol>
      <symbol id="sm-48f">
         <name>__mspabi_mpyul</name>
         <value>0xd60c</value>
         <object_component_ref idref="oc-2ee"/>
      </symbol>
   </symbol_table>
   <title>Link successful</title>
</link_info>
