******************************************************************************
                  MSP430 Linker PC v21.6.0                     
******************************************************************************
>> Linked Fri Jan  7 13:40:00 2022

OUTPUT FILE NAME:   <ds18b20.out>
ENTRY POINT SYMBOL: "_c_int00_noargs"  address: 0000d68c


MEMORY CONFIGURATION

         name            origin    length      used     unused   attr    fill
----------------------  --------  ---------  --------  --------  ----  --------
  SFR                   00000000   00000010  00000000  00000010  RWIX
  PERIPHERALS_8BIT      00000010   000000f0  00000000  000000f0  RWIX
  PERIPHERALS_16BIT     00000100   00000100  00000000  00000100  RWIX
  RAM                   00000200   00000200  000000c1  0000013f  RWIX
  INFOD                 00001000   00000040  00000000  00000040  RWIX
  INFOC                 00001040   00000040  00000000  00000040  RWIX
  INFOB                 00001080   00000040  00000000  00000040  RWIX
  INFOA                 000010c0   00000040  00000000  00000040  RWIX
  FLASH                 0000c000   00003fde  0000186e  00002770  RWIX
  BSLSIGNATURE          0000ffde   00000002  00000002  00000000  RWIX  ffff 
  INT00                 0000ffe0   00000002  00000002  00000000  RWIX
  INT01                 0000ffe2   00000002  00000000  00000002  RWIX
  INT02                 0000ffe4   00000002  00000002  00000000  RWIX
  INT03                 0000ffe6   00000002  00000002  00000000  RWIX
  INT04                 0000ffe8   00000002  00000000  00000002  RWIX
  INT05                 0000ffea   00000002  00000002  00000000  RWIX
  INT06                 0000ffec   00000002  00000002  00000000  RWIX
  INT07                 0000ffee   00000002  00000002  00000000  RWIX
  INT08                 0000fff0   00000002  00000002  00000000  RWIX
  INT09                 0000fff2   00000002  00000002  00000000  RWIX
  INT10                 0000fff4   00000002  00000002  00000000  RWIX
  INT11                 0000fff6   00000002  00000002  00000000  RWIX
  INT12                 0000fff8   00000002  00000002  00000000  RWIX
  INT13                 0000fffa   00000002  00000002  00000000  RWIX
  INT14                 0000fffc   00000002  00000002  00000000  RWIX
  RESET                 0000fffe   00000002  00000002  00000000  RWIX


SECTION ALLOCATION MAP

 output                                  attributes/
section   page    origin      length       input sections
--------  ----  ----------  ----------   ----------------
.bss       0    00000200    00000068     UNINITIALIZED
                  00000200    00000064     (.common:str)
                  00000264    00000002     (.common:count)
                  00000266    00000002     (.common:count_2)

.data      0    00000268    00000009     UNINITIALIZED
                  00000268    00000008     main.obj (.data)
                  00000270    00000001     LCD_I2C.obj (.data)

.stack     0    000003b0    00000050     UNINITIALIZED
                  000003b0    00000002     rts430_eabi.lib : boot.c.obj (.stack)
                  000003b2    0000004e     --HOLE--

.text      0    0000c000    0000180c     
                  0000c000    00000478     rts430_eabi.lib : frcdivd.c.obj (.text:__TI_frcdivd)
                  0000c478    000002c0                     : mpyd.c.obj (.text:__mspabi_mpyd)
                  0000c738    00000238                     : divd.c.obj (.text:__mspabi_divd)
                  0000c970    00000172                     : frcmpyd.c.obj (.text:__TI_frcmpyd)
                  0000cae2    0000011c     main.obj (.text:main)
                  0000cbfe    00000116     rts430_eabi.lib : _printfi.c.obj (.text:__TI_printfi_minimal:_setfield___TI_printfi_minimal)
                  0000cd14    00000114                     : mult64.asm.obj (.text:__mpyll)
                  0000ce28    000000ec                     : _printfi.c.obj (.text:__TI_printfi_minimal:__TI_printfi_minimal)
                  0000cf14    000000ca                     : _printfi.c.obj (.text:__TI_printfi_minimal:_pproc_diouxp___TI_printfi_minimal)
                  0000cfde    000000b6     LCD_I2C.obj (.text:lcd_init)
                  0000d094    000000ac     rts430_eabi.lib : fltlid.c.obj (.text:__mspabi_fltlid)
                  0000d140    0000009e     main.obj (.text:Port_1)
                  0000d1de    0000007c     rts430_eabi.lib : copy_decompress_lzss.c.obj (.text:decompress:lzss:__TI_decompress_lzss)
                  0000d25a    00000072                     : fixdli.c.obj (.text:__mspabi_fixdli)
                  0000d2cc    0000005c                     : lsr32.asm.obj (.text:l_lsr_const)
                  0000d328    0000004c                     : lsr16.asm.obj (.text)
                  0000d374    0000004a     LCD_I2C.obj (.text:lcd_write)
                  0000d3be    00000046     rts430_eabi.lib : lsr64.c.obj (.text:__mspabi_srlll)
                  0000d404    00000044                     : lsl64.c.obj (.text:__mspabi_sllll)
                  0000d448    00000042                     : autoinit.c.obj (.text:__TI_auto_init_nobinit_nopinit:__TI_auto_init_nobinit_nopinit)
                  0000d48a    0000003e                     : asr32.asm.obj (.text:l_asr_const)
                  0000d4c8    0000003e                     : lsl32.asm.obj (.text:l_lsl_const)
                  0000d506    00000038                     : sprintf.c.obj (.text:sprintf)
                  0000d53e    0000002c                     : asr16.asm.obj (.text)
                  0000d56a    0000002c                     : lsl16.asm.obj (.text)
                  0000d596    00000028                     : fixdi.c.obj (.text:__mspabi_fixdi)
                  0000d5be    00000028     LCD_I2C.obj (.text:lcd_setcursor)
                  0000d5e6    00000026     rts430_eabi.lib : mult32.asm.obj (.text)
                  0000d60c    00000022                     : mult1632.asm.obj (.text:__mpyul)
                  0000d62e    00000022                     : memccpy.c.obj (.text:memccpy)
                  0000d650    0000001e                     : mult3264.asm.obj (.text:__mpyull)
                  0000d66e    0000001e     LCD_I2C.obj (.text:pulseEN)
                  0000d68c    0000001c     rts430_eabi.lib : boot.c.obj (.text:_c_int00_noargs)
                  0000d6a8    0000001a                     : sprintf.c.obj (.text:_outs)
                  0000d6c2    0000001a     LCD_I2C.obj (.text:lcd_print)
                  0000d6dc    00000016     LCD_I2C.obj (.text:delay)
                  0000d6f2    00000016     rts430_eabi.lib : div16u.asm.obj (.text)
                  0000d708    00000014     LCD_I2C.obj (.text:USCIAB0TX_ISR)
                  0000d71c    00000014     rts430_eabi.lib : copy_zero_init.c.obj (.text:decompress:ZI:__TI_zero_init_nomemset:__TI_zero_init_nomemset)
                  0000d730    00000014                     : memset.c.obj (.text:memset)
                  0000d744    00000014                     : mult16.asm.obj (.text)
                  0000d758    00000014     LCD_I2C.obj (.text:send)
                  0000d76c    00000012     rts430_eabi.lib : sprintf.c.obj (.text:_outc)
                  0000d77e    00000012                     : copy_decompress_none.c.obj (.text:decompress:none:__TI_decompress_none)
                  0000d790    00000012                     : lsr32.asm.obj (.text:l_lsr)
                  0000d7a2    00000012                     : memcpy.c.obj (.text:memcpy)
                  0000d7b4    00000010                     : epilog.asm.obj (.text)
                  0000d7c4    0000000e                     : strlen.c.obj (.text:strlen)
                  0000d7d2    0000000c                     : fltid.c.obj (.text:__mspabi_fltid)
                  0000d7de    0000000a     main.obj (.text:Port_2)
                  0000d7e8    0000000a     main.obj (.text:timerA)
                  0000d7f2    00000008     rts430_eabi.lib : isr_trap.asm.obj (.text:_isr:__TI_ISR_TRAP)
                  0000d7fa    00000006                     : exit.c.obj (.text:abort)
                  0000d800    00000006     LCD_I2C.obj (.text:set_backlight)
                  0000d806    00000004     rts430_eabi.lib : pre_init.c.obj (.text:_system_pre_init)
                  0000d80a    00000002                     : startup.c.obj (.text:_system_post_cinit)

.const     0    0000d80c    00000046     
                  0000d80c    00000026     rts430_eabi.lib : _printfi.c.obj (.const:.string)
                  0000d832    0000001e     main.obj (.const:.string)
                  0000d850    00000002     LCD_I2C.obj (.const:.string:$P$T0$1)

.cinit     0    0000d852    0000001c     
                  0000d852    0000000a     (.cinit..data.load) [load image, compression = lzss]
                  0000d85c    00000006     (__TI_handler_table)
                  0000d862    00000004     (.cinit..bss.load) [load image, compression = zero_init]
                  0000d866    00000008     (__TI_cinit_table)

.binit     0    0000c000    00000000     

.init_array 
*          0    0000c000    00000000     UNINITIALIZED

TRAPINT    0    0000ffe0    00000002     
                  0000ffe0    00000002     rts430_eabi.lib : int00.asm.obj (.int00)

PORT1      0    0000ffe4    00000002     
                  0000ffe4    00000002     main.obj (.int02)

PORT2      0    0000ffe6    00000002     
                  0000ffe6    00000002     main.obj (.int03)

ADC10      0    0000ffea    00000002     
                  0000ffea    00000002     rts430_eabi.lib : int05.asm.obj (.int05)

USCIAB0TX 
*          0    0000ffec    00000002     
                  0000ffec    00000002     LCD_I2C.obj (.int06)

USCIAB0RX 
*          0    0000ffee    00000002     
                  0000ffee    00000002     rts430_eabi.lib : int07.asm.obj (.int07)

TIMER0_A1 
*          0    0000fff0    00000002     
                  0000fff0    00000002     rts430_eabi.lib : int08.asm.obj (.int08)

TIMER0_A0 
*          0    0000fff2    00000002     
                  0000fff2    00000002     main.obj (.int09)

WDT        0    0000fff4    00000002     
                  0000fff4    00000002     rts430_eabi.lib : int10.asm.obj (.int10)

COMPARATORA 
*          0    0000fff6    00000002     
                  0000fff6    00000002     rts430_eabi.lib : int11.asm.obj (.int11)

TIMER1_A1 
*          0    0000fff8    00000002     
                  0000fff8    00000002     rts430_eabi.lib : int12.asm.obj (.int12)

TIMER1_A0 
*          0    0000fffa    00000002     
                  0000fffa    00000002     rts430_eabi.lib : int13.asm.obj (.int13)

NMI        0    0000fffc    00000002     
                  0000fffc    00000002     rts430_eabi.lib : int14.asm.obj (.int14)

.reset     0    0000fffe    00000002     
                  0000fffe    00000002     rts430_eabi.lib : boot.c.obj (.reset)

$fill000   0    0000ffde    00000002     
                  0000ffde    00000002     --HOLE-- [fill = ffff]

MODULE SUMMARY

       Module                       code   ro data   rw data
       ------                       ----   -------   -------
    .\
       main.obj                     462    36        112    
       LCD_I2C.obj                  420    4         1      
    +--+----------------------------+------+---------+---------+
       Total:                       882    40        113    
                                                            
    C:\ti\ccs1110\ccs\tools\compiler\ti-cgt-msp430_21.6.0.LTS\lib\rts430_eabi.lib
       frcdivd.c.obj                1144   0         0      
       _printfi.c.obj               716    38        0      
       mpyd.c.obj                   704    0         0      
       divd.c.obj                   568    0         0      
       frcmpyd.c.obj                370    0         0      
       mult64.asm.obj               276    0         0      
       fltlid.c.obj                 172    0         0      
       copy_decompress_lzss.c.obj   124    0         0      
       fixdli.c.obj                 114    0         0      
       lsr32.asm.obj                110    0         0      
       sprintf.c.obj                100    0         0      
       lsr16.asm.obj                76     0         0      
       lsr64.c.obj                  70     0         0      
       lsl64.c.obj                  68     0         0      
       autoinit.c.obj               66     0         0      
       asr32.asm.obj                62     0         0      
       lsl32.asm.obj                62     0         0      
       asr16.asm.obj                44     0         0      
       lsl16.asm.obj                44     0         0      
       fixdi.c.obj                  40     0         0      
       mult32.asm.obj               38     0         0      
       memccpy.c.obj                34     0         0      
       mult1632.asm.obj             34     0         0      
       boot.c.obj                   28     2         0      
       mult3264.asm.obj             30     0         0      
       div16u.asm.obj               22     0         0      
       copy_zero_init.c.obj         20     0         0      
       memset.c.obj                 20     0         0      
       mult16.asm.obj               20     0         0      
       copy_decompress_none.c.obj   18     0         0      
       memcpy.c.obj                 18     0         0      
       epilog.asm.obj               16     0         0      
       strlen.c.obj                 14     0         0      
       fltid.c.obj                  12     0         0      
       isr_trap.asm.obj             8      0         0      
       exit.c.obj                   6      0         0      
       pre_init.c.obj               4      0         0      
       int00.asm.obj                0      2         0      
       int05.asm.obj                0      2         0      
       int07.asm.obj                0      2         0      
       int08.asm.obj                0      2         0      
       int10.asm.obj                0      2         0      
       int11.asm.obj                0      2         0      
       int12.asm.obj                0      2         0      
       int13.asm.obj                0      2         0      
       int14.asm.obj                0      2         0      
       startup.c.obj                2      0         0      
    +--+----------------------------+------+---------+---------+
       Total:                       5274   58        0      
                                                            
       Stack:                       0      0         80     
       Linker Generated:            0      28        0      
    +--+----------------------------+------+---------+---------+
       Grand Total:                 6156   126       193    


LINKER GENERATED COPY TABLES

__TI_cinit_table @ 0000d866 records: 2, size/record: 4, table size: 8
	.data: load addr=0000d852, load size=0000000a bytes, run addr=00000268, run size=00000009 bytes, compression=lzss
	.bss: load addr=0000d862, load size=00000004 bytes, run addr=00000200, run size=00000068 bytes, compression=zero_init


LINKER GENERATED HANDLER TABLE

__TI_handler_table @ 0000d85c records: 3, size/record: 2, table size: 6
	index: 0, handler: __TI_zero_init
	index: 1, handler: __TI_decompress_lzss
	index: 2, handler: __TI_decompress_none


GLOBAL SYMBOLS: SORTED ALPHABETICALLY BY Name 

address   name                          
-------   ----                          
0000004a  ADC10AE0                      
000001b0  ADC10CTL0                     
000001b2  ADC10CTL1                     
00000048  ADC10DTC0                     
00000049  ADC10DTC1                     
000001b4  ADC10MEM                      
000001bc  ADC10SA                       
00000057  BCSCTL1                       
00000058  BCSCTL2                       
00000053  BCSCTL3                       
0000d7fa  C$$EXIT                       
00000059  CACTL1                        
0000005a  CACTL2                        
000010fb  CALBC1_12MHZ                  
000010f9  CALBC1_16MHZ                  
000010ff  CALBC1_1MHZ                   
000010fd  CALBC1_8MHZ                   
000010fa  CALDCO_12MHZ                  
000010f8  CALDCO_16MHZ                  
000010fe  CALDCO_1MHZ                   
000010fc  CALDCO_8MHZ                   
0000005b  CAPD                          
00000056  DCOCTL                        
00000128  FCTL1                         
0000012a  FCTL2                         
0000012c  FCTL3                         
00000000  IE1                           
00000001  IE2                           
00000002  IFG1                          
00000003  IFG2                          
00000270  LCDOUT                        
00000022  P1DIR                         
00000025  P1IE                          
00000024  P1IES                         
00000023  P1IFG                         
00000020  P1IN                          
00000021  P1OUT                         
00000027  P1REN                         
00000026  P1SEL                         
00000041  P1SEL2                        
0000002a  P2DIR                         
0000002d  P2IE                          
0000002c  P2IES                         
0000002b  P2IFG                         
00000028  P2IN                          
00000029  P2OUT                         
0000002f  P2REN                         
0000002e  P2SEL                         
00000042  P2SEL2                        
0000001a  P3DIR                         
00000018  P3IN                          
00000019  P3OUT                         
00000010  P3REN                         
0000001b  P3SEL                         
00000043  P3SEL2                        
0000d140  Port_1                        
0000d7de  Port_2                        
00000172  TA0CCR0                       
00000174  TA0CCR1                       
00000176  TA0CCR2                       
00000162  TA0CCTL0                      
00000164  TA0CCTL1                      
00000166  TA0CCTL2                      
00000160  TA0CTL                        
0000012e  TA0IV                         
00000170  TA0R                          
00000192  TA1CCR0                       
00000194  TA1CCR1                       
00000196  TA1CCR2                       
00000182  TA1CCTL0                      
00000184  TA1CCTL1                      
00000186  TA1CCTL2                      
00000180  TA1CTL                        
0000011e  TA1IV                         
00000190  TA1R                          
000010db  TLV_ADC10_1_LEN               
000010da  TLV_ADC10_1_TAG               
000010c0  TLV_CHECKSUM                  
000010f7  TLV_DCO_30_LEN                
000010f6  TLV_DCO_30_TAG                
0000005d  UCA0ABCTL                     
00000062  UCA0BR0                       
00000063  UCA0BR1                       
00000060  UCA0CTL0                      
00000061  UCA0CTL1                      
0000005f  UCA0IRRCTL                    
0000005e  UCA0IRTCTL                    
00000064  UCA0MCTL                      
00000066  UCA0RXBUF                     
00000065  UCA0STAT                      
00000067  UCA0TXBUF                     
0000006a  UCB0BR0                       
0000006b  UCB0BR1                       
00000068  UCB0CTL0                      
00000069  UCB0CTL1                      
0000006c  UCB0I2CIE                     
00000118  UCB0I2COA                     
0000011a  UCB0I2CSA                     
0000006e  UCB0RXBUF                     
0000006d  UCB0STAT                      
0000006f  UCB0TXBUF                     
0000d708  USCIAB0TX_ISR                 
00000120  WDTCTL                        
00000400  __STACK_END                   
00000050  __STACK_SIZE                  
0000d866  __TI_CINIT_Base               
0000d86e  __TI_CINIT_Limit              
0000d86e  __TI_CINIT_Warm               
0000d85c  __TI_Handler_Table_Base       
0000d862  __TI_Handler_Table_Limit      
0000d7f2  __TI_ISR_TRAP                 
0000d448  __TI_auto_init_nobinit_nopinit
0000d1de  __TI_decompress_lzss          
0000d77e  __TI_decompress_none          
0000c000  __TI_frcdivd                  
0000c970  __TI_frcmpyd                  
0000ffe0  __TI_int00                    
0000ffe4  __TI_int02                    
0000ffe6  __TI_int03                    
0000ffea  __TI_int05                    
0000ffec  __TI_int06                    
0000ffee  __TI_int07                    
0000fff0  __TI_int08                    
0000fff2  __TI_int09                    
0000fff4  __TI_int10                    
0000fff6  __TI_int11                    
0000fff8  __TI_int12                    
0000fffa  __TI_int13                    
0000fffc  __TI_int14                    
ffffffff  __TI_pprof_out_hndl           
0000ce28  __TI_printfi_minimal          
ffffffff  __TI_prof_data_size           
ffffffff  __TI_prof_data_start          
0000d71c  __TI_zero_init_nomemset       
ffffffff  __c_args__                    
0000c738  __mspabi_divd                 
0000d6f2  __mspabi_divu                 
0000d596  __mspabi_fixdi                
0000d25a  __mspabi_fixdli               
0000d7d2  __mspabi_fltid                
0000d094  __mspabi_fltlid               
0000d7c0  __mspabi_func_epilog_1        
0000d7be  __mspabi_func_epilog_2        
0000d7bc  __mspabi_func_epilog_3        
0000d7ba  __mspabi_func_epilog_4        
0000d7b8  __mspabi_func_epilog_5        
0000d7b6  __mspabi_func_epilog_6        
0000d7b4  __mspabi_func_epilog_7        
0000c478  __mspabi_mpyd                 
0000d744  __mspabi_mpyi                 
0000d744  __mspabi_mpyi_sw              
0000d5e6  __mspabi_mpyl                 
0000d5e6  __mspabi_mpyl_sw              
0000cd14  __mspabi_mpyll                
0000cd14  __mspabi_mpyll_sw             
0000d60c  __mspabi_mpyul                
0000d60c  __mspabi_mpyul_sw             
0000d650  __mspabi_mpyull               
0000d650  __mspabi_mpyull_sw            
0000d6f2  __mspabi_remu                 
0000d56a  __mspabi_slli                 
0000d592  __mspabi_slli_1               
0000d580  __mspabi_slli_10              
0000d57e  __mspabi_slli_11              
0000d57c  __mspabi_slli_12              
0000d57a  __mspabi_slli_13              
0000d578  __mspabi_slli_14              
0000d576  __mspabi_slli_15              
0000d590  __mspabi_slli_2               
0000d58e  __mspabi_slli_3               
0000d58c  __mspabi_slli_4               
0000d58a  __mspabi_slli_5               
0000d588  __mspabi_slli_6               
0000d586  __mspabi_slli_7               
0000d584  __mspabi_slli_8               
0000d582  __mspabi_slli_9               
0000d500  __mspabi_slll_1               
0000d4dc  __mspabi_slll_10              
0000d4d8  __mspabi_slll_11              
0000d4d4  __mspabi_slll_12              
0000d4d0  __mspabi_slll_13              
0000d4cc  __mspabi_slll_14              
0000d4c8  __mspabi_slll_15              
0000d4fc  __mspabi_slll_2               
0000d4f8  __mspabi_slll_3               
0000d4f4  __mspabi_slll_4               
0000d4f0  __mspabi_slll_5               
0000d4ec  __mspabi_slll_6               
0000d4e8  __mspabi_slll_7               
0000d4e4  __mspabi_slll_8               
0000d4e0  __mspabi_slll_9               
0000d404  __mspabi_sllll                
0000d53e  __mspabi_srai                 
0000d566  __mspabi_srai_1               
0000d554  __mspabi_srai_10              
0000d552  __mspabi_srai_11              
0000d550  __mspabi_srai_12              
0000d54e  __mspabi_srai_13              
0000d54c  __mspabi_srai_14              
0000d54a  __mspabi_srai_15              
0000d564  __mspabi_srai_2               
0000d562  __mspabi_srai_3               
0000d560  __mspabi_srai_4               
0000d55e  __mspabi_srai_5               
0000d55c  __mspabi_srai_6               
0000d55a  __mspabi_srai_7               
0000d558  __mspabi_srai_8               
0000d556  __mspabi_srai_9               
0000d4c2  __mspabi_sral_1               
0000d49e  __mspabi_sral_10              
0000d49a  __mspabi_sral_11              
0000d496  __mspabi_sral_12              
0000d492  __mspabi_sral_13              
0000d48e  __mspabi_sral_14              
0000d48a  __mspabi_sral_15              
0000d4be  __mspabi_sral_2               
0000d4ba  __mspabi_sral_3               
0000d4b6  __mspabi_sral_4               
0000d4b2  __mspabi_sral_5               
0000d4ae  __mspabi_sral_6               
0000d4aa  __mspabi_sral_7               
0000d4a6  __mspabi_sral_8               
0000d4a2  __mspabi_sral_9               
0000d328  __mspabi_srli                 
0000d36e  __mspabi_srli_1               
0000d34a  __mspabi_srli_10              
0000d346  __mspabi_srli_11              
0000d342  __mspabi_srli_12              
0000d33e  __mspabi_srli_13              
0000d33a  __mspabi_srli_14              
0000d336  __mspabi_srli_15              
0000d36a  __mspabi_srli_2               
0000d366  __mspabi_srli_3               
0000d362  __mspabi_srli_4               
0000d35e  __mspabi_srli_5               
0000d35a  __mspabi_srli_6               
0000d356  __mspabi_srli_7               
0000d352  __mspabi_srli_8               
0000d34e  __mspabi_srli_9               
0000d790  __mspabi_srll                 
0000d320  __mspabi_srll_1               
0000d2ea  __mspabi_srll_10              
0000d2e4  __mspabi_srll_11              
0000d2de  __mspabi_srll_12              
0000d2d8  __mspabi_srll_13              
0000d2d2  __mspabi_srll_14              
0000d2cc  __mspabi_srll_15              
0000d31a  __mspabi_srll_2               
0000d314  __mspabi_srll_3               
0000d30e  __mspabi_srll_4               
0000d308  __mspabi_srll_5               
0000d302  __mspabi_srll_6               
0000d2fc  __mspabi_srll_7               
0000d2f6  __mspabi_srll_8               
0000d2f0  __mspabi_srll_9               
0000d3be  __mspabi_srlll                
0000d68c  _c_int00_noargs               
0000fffe  _reset_vector                 
000003b0  _stack                        
0000d80a  _system_post_cinit            
0000d806  _system_pre_init              
0000026e  a                             
0000d7fa  abort                         
00000264  count                         
00000266  count_2                       
0000d6dc  delay                         
0000026a  distance                      
0000cfde  lcd_init                      
0000d6c2  lcd_print                     
0000d5be  lcd_setcursor                 
0000d374  lcd_write                     
0000cae2  main                          
0000d62e  memccpy                       
0000d7a2  memcpy                        
0000d730  memset                        
0000d66e  pulseEN                       
0000d758  send                          
0000d800  set_backlight                 
0000d506  sprintf                       
00000200  str                           
0000d7c4  strlen                        
00000268  time_1                        
0000d7e8  timerA                        
0000026c  velocity                      


GLOBAL SYMBOLS: SORTED BY Symbol Address 

address   name                          
-------   ----                          
00000000  IE1                           
00000001  IE2                           
00000002  IFG1                          
00000003  IFG2                          
00000010  P3REN                         
00000018  P3IN                          
00000019  P3OUT                         
0000001a  P3DIR                         
0000001b  P3SEL                         
00000020  P1IN                          
00000021  P1OUT                         
00000022  P1DIR                         
00000023  P1IFG                         
00000024  P1IES                         
00000025  P1IE                          
00000026  P1SEL                         
00000027  P1REN                         
00000028  P2IN                          
00000029  P2OUT                         
0000002a  P2DIR                         
0000002b  P2IFG                         
0000002c  P2IES                         
0000002d  P2IE                          
0000002e  P2SEL                         
0000002f  P2REN                         
00000041  P1SEL2                        
00000042  P2SEL2                        
00000043  P3SEL2                        
00000048  ADC10DTC0                     
00000049  ADC10DTC1                     
0000004a  ADC10AE0                      
00000050  __STACK_SIZE                  
00000053  BCSCTL3                       
00000056  DCOCTL                        
00000057  BCSCTL1                       
00000058  BCSCTL2                       
00000059  CACTL1                        
0000005a  CACTL2                        
0000005b  CAPD                          
0000005d  UCA0ABCTL                     
0000005e  UCA0IRTCTL                    
0000005f  UCA0IRRCTL                    
00000060  UCA0CTL0                      
00000061  UCA0CTL1                      
00000062  UCA0BR0                       
00000063  UCA0BR1                       
00000064  UCA0MCTL                      
00000065  UCA0STAT                      
00000066  UCA0RXBUF                     
00000067  UCA0TXBUF                     
00000068  UCB0CTL0                      
00000069  UCB0CTL1                      
0000006a  UCB0BR0                       
0000006b  UCB0BR1                       
0000006c  UCB0I2CIE                     
0000006d  UCB0STAT                      
0000006e  UCB0RXBUF                     
0000006f  UCB0TXBUF                     
00000118  UCB0I2COA                     
0000011a  UCB0I2CSA                     
0000011e  TA1IV                         
00000120  WDTCTL                        
00000128  FCTL1                         
0000012a  FCTL2                         
0000012c  FCTL3                         
0000012e  TA0IV                         
00000160  TA0CTL                        
00000162  TA0CCTL0                      
00000164  TA0CCTL1                      
00000166  TA0CCTL2                      
00000170  TA0R                          
00000172  TA0CCR0                       
00000174  TA0CCR1                       
00000176  TA0CCR2                       
00000180  TA1CTL                        
00000182  TA1CCTL0                      
00000184  TA1CCTL1                      
00000186  TA1CCTL2                      
00000190  TA1R                          
00000192  TA1CCR0                       
00000194  TA1CCR1                       
00000196  TA1CCR2                       
000001b0  ADC10CTL0                     
000001b2  ADC10CTL1                     
000001b4  ADC10MEM                      
000001bc  ADC10SA                       
00000200  str                           
00000264  count                         
00000266  count_2                       
00000268  time_1                        
0000026a  distance                      
0000026c  velocity                      
0000026e  a                             
00000270  LCDOUT                        
000003b0  _stack                        
00000400  __STACK_END                   
000010c0  TLV_CHECKSUM                  
000010da  TLV_ADC10_1_TAG               
000010db  TLV_ADC10_1_LEN               
000010f6  TLV_DCO_30_TAG                
000010f7  TLV_DCO_30_LEN                
000010f8  CALDCO_16MHZ                  
000010f9  CALBC1_16MHZ                  
000010fa  CALDCO_12MHZ                  
000010fb  CALBC1_12MHZ                  
000010fc  CALDCO_8MHZ                   
000010fd  CALBC1_8MHZ                   
000010fe  CALDCO_1MHZ                   
000010ff  CALBC1_1MHZ                   
0000c000  __TI_frcdivd                  
0000c478  __mspabi_mpyd                 
0000c738  __mspabi_divd                 
0000c970  __TI_frcmpyd                  
0000cae2  main                          
0000cd14  __mspabi_mpyll                
0000cd14  __mspabi_mpyll_sw             
0000ce28  __TI_printfi_minimal          
0000cfde  lcd_init                      
0000d094  __mspabi_fltlid               
0000d140  Port_1                        
0000d1de  __TI_decompress_lzss          
0000d25a  __mspabi_fixdli               
0000d2cc  __mspabi_srll_15              
0000d2d2  __mspabi_srll_14              
0000d2d8  __mspabi_srll_13              
0000d2de  __mspabi_srll_12              
0000d2e4  __mspabi_srll_11              
0000d2ea  __mspabi_srll_10              
0000d2f0  __mspabi_srll_9               
0000d2f6  __mspabi_srll_8               
0000d2fc  __mspabi_srll_7               
0000d302  __mspabi_srll_6               
0000d308  __mspabi_srll_5               
0000d30e  __mspabi_srll_4               
0000d314  __mspabi_srll_3               
0000d31a  __mspabi_srll_2               
0000d320  __mspabi_srll_1               
0000d328  __mspabi_srli                 
0000d336  __mspabi_srli_15              
0000d33a  __mspabi_srli_14              
0000d33e  __mspabi_srli_13              
0000d342  __mspabi_srli_12              
0000d346  __mspabi_srli_11              
0000d34a  __mspabi_srli_10              
0000d34e  __mspabi_srli_9               
0000d352  __mspabi_srli_8               
0000d356  __mspabi_srli_7               
0000d35a  __mspabi_srli_6               
0000d35e  __mspabi_srli_5               
0000d362  __mspabi_srli_4               
0000d366  __mspabi_srli_3               
0000d36a  __mspabi_srli_2               
0000d36e  __mspabi_srli_1               
0000d374  lcd_write                     
0000d3be  __mspabi_srlll                
0000d404  __mspabi_sllll                
0000d448  __TI_auto_init_nobinit_nopinit
0000d48a  __mspabi_sral_15              
0000d48e  __mspabi_sral_14              
0000d492  __mspabi_sral_13              
0000d496  __mspabi_sral_12              
0000d49a  __mspabi_sral_11              
0000d49e  __mspabi_sral_10              
0000d4a2  __mspabi_sral_9               
0000d4a6  __mspabi_sral_8               
0000d4aa  __mspabi_sral_7               
0000d4ae  __mspabi_sral_6               
0000d4b2  __mspabi_sral_5               
0000d4b6  __mspabi_sral_4               
0000d4ba  __mspabi_sral_3               
0000d4be  __mspabi_sral_2               
0000d4c2  __mspabi_sral_1               
0000d4c8  __mspabi_slll_15              
0000d4cc  __mspabi_slll_14              
0000d4d0  __mspabi_slll_13              
0000d4d4  __mspabi_slll_12              
0000d4d8  __mspabi_slll_11              
0000d4dc  __mspabi_slll_10              
0000d4e0  __mspabi_slll_9               
0000d4e4  __mspabi_slll_8               
0000d4e8  __mspabi_slll_7               
0000d4ec  __mspabi_slll_6               
0000d4f0  __mspabi_slll_5               
0000d4f4  __mspabi_slll_4               
0000d4f8  __mspabi_slll_3               
0000d4fc  __mspabi_slll_2               
0000d500  __mspabi_slll_1               
0000d506  sprintf                       
0000d53e  __mspabi_srai                 
0000d54a  __mspabi_srai_15              
0000d54c  __mspabi_srai_14              
0000d54e  __mspabi_srai_13              
0000d550  __mspabi_srai_12              
0000d552  __mspabi_srai_11              
0000d554  __mspabi_srai_10              
0000d556  __mspabi_srai_9               
0000d558  __mspabi_srai_8               
0000d55a  __mspabi_srai_7               
0000d55c  __mspabi_srai_6               
0000d55e  __mspabi_srai_5               
0000d560  __mspabi_srai_4               
0000d562  __mspabi_srai_3               
0000d564  __mspabi_srai_2               
0000d566  __mspabi_srai_1               
0000d56a  __mspabi_slli                 
0000d576  __mspabi_slli_15              
0000d578  __mspabi_slli_14              
0000d57a  __mspabi_slli_13              
0000d57c  __mspabi_slli_12              
0000d57e  __mspabi_slli_11              
0000d580  __mspabi_slli_10              
0000d582  __mspabi_slli_9               
0000d584  __mspabi_slli_8               
0000d586  __mspabi_slli_7               
0000d588  __mspabi_slli_6               
0000d58a  __mspabi_slli_5               
0000d58c  __mspabi_slli_4               
0000d58e  __mspabi_slli_3               
0000d590  __mspabi_slli_2               
0000d592  __mspabi_slli_1               
0000d596  __mspabi_fixdi                
0000d5be  lcd_setcursor                 
0000d5e6  __mspabi_mpyl                 
0000d5e6  __mspabi_mpyl_sw              
0000d60c  __mspabi_mpyul                
0000d60c  __mspabi_mpyul_sw             
0000d62e  memccpy                       
0000d650  __mspabi_mpyull               
0000d650  __mspabi_mpyull_sw            
0000d66e  pulseEN                       
0000d68c  _c_int00_noargs               
0000d6c2  lcd_print                     
0000d6dc  delay                         
0000d6f2  __mspabi_divu                 
0000d6f2  __mspabi_remu                 
0000d708  USCIAB0TX_ISR                 
0000d71c  __TI_zero_init_nomemset       
0000d730  memset                        
0000d744  __mspabi_mpyi                 
0000d744  __mspabi_mpyi_sw              
0000d758  send                          
0000d77e  __TI_decompress_none          
0000d790  __mspabi_srll                 
0000d7a2  memcpy                        
0000d7b4  __mspabi_func_epilog_7        
0000d7b6  __mspabi_func_epilog_6        
0000d7b8  __mspabi_func_epilog_5        
0000d7ba  __mspabi_func_epilog_4        
0000d7bc  __mspabi_func_epilog_3        
0000d7be  __mspabi_func_epilog_2        
0000d7c0  __mspabi_func_epilog_1        
0000d7c4  strlen                        
0000d7d2  __mspabi_fltid                
0000d7de  Port_2                        
0000d7e8  timerA                        
0000d7f2  __TI_ISR_TRAP                 
0000d7fa  C$$EXIT                       
0000d7fa  abort                         
0000d800  set_backlight                 
0000d806  _system_pre_init              
0000d80a  _system_post_cinit            
0000d85c  __TI_Handler_Table_Base       
0000d862  __TI_Handler_Table_Limit      
0000d866  __TI_CINIT_Base               
0000d86e  __TI_CINIT_Limit              
0000d86e  __TI_CINIT_Warm               
0000ffe0  __TI_int00                    
0000ffe4  __TI_int02                    
0000ffe6  __TI_int03                    
0000ffea  __TI_int05                    
0000ffec  __TI_int06                    
0000ffee  __TI_int07                    
0000fff0  __TI_int08                    
0000fff2  __TI_int09                    
0000fff4  __TI_int10                    
0000fff6  __TI_int11                    
0000fff8  __TI_int12                    
0000fffa  __TI_int13                    
0000fffc  __TI_int14                    
0000fffe  _reset_vector                 
ffffffff  __TI_pprof_out_hndl           
ffffffff  __TI_prof_data_size           
ffffffff  __TI_prof_data_start          
ffffffff  __c_args__                    

[284 symbols]
